step=00000 loss=-0.0000 R=0.600 adv=0.000 unique=37 p_hat=0.1656
step=00001 loss=-0.0000 R=0.600 adv=-0.000 unique=28 p_hat=0.2343
step=00002 loss=0.0000 R=0.600 adv=-0.000 unique=20 p_hat=0.2957
step=00003 loss=-0.0000 R=0.600 adv=0.000 unique=12 p_hat=0.4178
step=00004 loss=-0.0000 R=0.600 adv=0.000 unique=13 p_hat=0.4936
step=00005 loss=-0.0000 R=0.600 adv=0.000 unique=9 p_hat=0.6202
step=00006 loss=0.0000 R=0.600 adv=-0.000 unique=10 p_hat=0.7024
step=00007 loss=0.0000 R=0.600 adv=0.000 unique=5 p_hat=0.8119
step=00008 loss=-0.0000 R=0.600 adv=0.000 unique=3 p_hat=0.9243
step=00009 loss=0.0000 R=0.600 adv=-0.000 unique=4 p_hat=0.8880
step=00010 loss=0.0000 R=0.600 adv=-0.000 unique=3 p_hat=0.9315
step=00011 loss=0.0000 R=0.600 adv=-0.000 unique=3 p_hat=0.9768
step=00012 loss=-0.0000 R=0.600 adv=0.000 unique=2 p_hat=0.9922
step=00013 loss=-0.0000 R=0.600 adv=0.000 unique=3 p_hat=0.9539
step=00014 loss=-0.0000 R=0.600 adv=0.000 unique=2 p_hat=0.9922
step=00015 loss=-0.0000 R=0.600 adv=0.000 unique=2 p_hat=0.9922
step=00016 loss=-0.0000 R=0.600 adv=0.000 unique=2 p_hat=0.9922
step=00017 loss=0.0000 R=0.600 adv=0.000 unique=1 p_hat=1.0000
step=00018 loss=0.0000 R=0.600 adv=0.000 unique=1 p_hat=1.0000
step=00019 loss=0.0000 R=0.600 adv=0.000 unique=1 p_hat=1.0000
step=00020 loss=0.0000 R=0.600 adv=0.000 unique=1 p_hat=1.0000
step=00021 loss=0.0000 R=0.600 adv=0.000 unique=1 p_hat=1.0000
step=00022 loss=0.0000 R=0.600 adv=0.000 unique=1 p_hat=1.0000
step=00023 loss=0.0000 R=0.600 adv=0.000 unique=1 p_hat=1.0000
step=00024 loss=0.0000 R=0.600 adv=0.000 unique=1 p_hat=1.0000
step=00025 loss=0.0000 R=0.600 adv=0.000 unique=1 p_hat=1.0000
step=00026 loss=0.0000 R=0.600 adv=0.000 unique=1 p_hat=1.0000
step=00027 loss=0.0000 R=0.600 adv=0.000 unique=1 p_hat=1.0000
step=00028 loss=0.0000 R=0.600 adv=0.000 unique=1 p_hat=1.0000
step=00029 loss=0.0000 R=0.600 adv=0.000 unique=1 p_hat=1.0000
step=00030 loss=0.0000 R=0.600 adv=0.000 unique=1 p_hat=1.0000
step=00031 loss=0.0000 R=0.600 adv=0.000 unique=1 p_hat=1.0000
step=00032 loss=0.0000 R=0.600 adv=0.000 unique=1 p_hat=1.0000
step=00033 loss=0.0000 R=0.600 adv=0.000 unique=1 p_hat=1.0000
step=00034 loss=0.0000 R=0.600 adv=0.000 unique=1 p_hat=1.0000
step=00035 loss=0.0000 R=0.600 adv=0.000 unique=1 p_hat=1.0000
step=00036 loss=0.0000 R=0.600 adv=0.000 unique=1 p_hat=1.0000
step=00037 loss=0.0000 R=0.600 adv=0.000 unique=1 p_hat=1.0000
step=00038 loss=0.0000 R=0.600 adv=0.000 unique=1 p_hat=1.0000
step=00039 loss=0.0000 R=0.600 adv=0.000 unique=1 p_hat=1.0000
step=00040 loss=0.0000 R=0.600 adv=0.000 unique=1 p_hat=1.0000
step=00041 loss=0.0000 R=0.600 adv=0.000 unique=1 p_hat=1.0000
step=00042 loss=0.0000 R=0.600 adv=0.000 unique=1 p_hat=1.0000
step=00043 loss=0.0000 R=0.600 adv=0.000 unique=1 p_hat=1.0000
step=00044 loss=0.0000 R=0.600 adv=0.000 unique=1 p_hat=1.0000
step=00045 loss=0.0000 R=0.600 adv=0.000 unique=1 p_hat=1.0000
step=00046 loss=0.0000 R=0.600 adv=0.000 unique=1 p_hat=1.0000
step=00047 loss=0.0000 R=0.600 adv=0.000 unique=1 p_hat=1.0000
step=00048 loss=0.0000 R=0.600 adv=0.000 unique=1 p_hat=1.0000
step=00049 loss=0.0000 R=0.600 adv=0.000 unique=1 p_hat=1.0000
step=00050 loss=0.0000 R=0.600 adv=0.000 unique=1 p_hat=1.0000
step=00051 loss=0.0000 R=0.600 adv=0.000 unique=1 p_hat=1.0000
step=00052 loss=0.0000 R=0.600 adv=0.000 unique=1 p_hat=1.0000
step=00053 loss=0.0000 R=0.600 adv=0.000 unique=1 p_hat=1.0000
step=00054 loss=0.0000 R=0.600 adv=0.000 unique=1 p_hat=1.0000
step=00055 loss=0.0000 R=0.600 adv=0.000 unique=1 p_hat=1.0000
step=00056 loss=0.0000 R=0.600 adv=0.000 unique=1 p_hat=1.0000
step=00057 loss=0.0000 R=0.600 adv=0.000 unique=1 p_hat=1.0000
step=00058 loss=0.0000 R=0.600 adv=0.000 unique=1 p_hat=1.0000
step=00059 loss=0.0000 R=0.600 adv=0.000 unique=1 p_hat=1.0000
step=00060 loss=0.0000 R=0.600 adv=0.000 unique=1 p_hat=1.0000
step=00061 loss=0.0000 R=0.600 adv=0.000 unique=1 p_hat=1.0000
step=00062 loss=0.0000 R=0.600 adv=0.000 unique=1 p_hat=1.0000
step=00063 loss=0.0000 R=0.600 adv=0.000 unique=1 p_hat=1.0000
step=00064 loss=0.0000 R=0.600 adv=0.000 unique=1 p_hat=1.0000
step=00065 loss=0.0000 R=0.600 adv=0.000 unique=1 p_hat=1.0000
step=00066 loss=0.0000 R=0.600 adv=0.000 unique=1 p_hat=1.0000
step=00067 loss=0.0000 R=0.600 adv=0.000 unique=1 p_hat=1.0000
step=00068 loss=0.0000 R=0.600 adv=0.000 unique=1 p_hat=1.0000
step=00069 loss=0.0000 R=0.600 adv=0.000 unique=1 p_hat=1.0000
step=00070 loss=0.0000 R=0.600 adv=0.000 unique=1 p_hat=1.0000
step=00071 loss=0.0000 R=0.600 adv=0.000 unique=1 p_hat=1.0000
step=00072 loss=0.0000 R=0.600 adv=0.000 unique=1 p_hat=1.0000
step=00073 loss=0.0000 R=0.600 adv=0.000 unique=1 p_hat=1.0000
step=00074 loss=0.0000 R=0.600 adv=0.000 unique=1 p_hat=1.0000
step=00075 loss=0.0000 R=0.600 adv=0.000 unique=1 p_hat=1.0000
step=00076 loss=0.0000 R=0.600 adv=0.000 unique=1 p_hat=1.0000
step=00077 loss=0.0000 R=0.600 adv=0.000 unique=1 p_hat=1.0000
step=00078 loss=0.0000 R=0.600 adv=0.000 unique=1 p_hat=1.0000
step=00079 loss=0.0000 R=0.600 adv=0.000 unique=1 p_hat=1.0000
step=00080 loss=0.0000 R=0.600 adv=0.000 unique=1 p_hat=1.0000
step=00081 loss=0.0000 R=0.600 adv=0.000 unique=1 p_hat=1.0000
step=00082 loss=0.0000 R=0.600 adv=0.000 unique=1 p_hat=1.0000
step=00083 loss=0.0000 R=0.600 adv=0.000 unique=1 p_hat=1.0000
step=00084 loss=0.0000 R=0.600 adv=0.000 unique=1 p_hat=1.0000
step=00085 loss=0.0000 R=0.600 adv=0.000 unique=1 p_hat=1.0000
step=00086 loss=0.0000 R=0.600 adv=0.000 unique=1 p_hat=1.0000
step=00087 loss=0.0000 R=0.600 adv=0.000 unique=1 p_hat=1.0000
step=00088 loss=0.0000 R=0.600 adv=0.000 unique=1 p_hat=1.0000
step=00089 loss=0.0000 R=0.600 adv=0.000 unique=1 p_hat=1.0000
step=00090 loss=0.0000 R=0.600 adv=0.000 unique=1 p_hat=1.0000
step=00091 loss=0.0000 R=0.600 adv=0.000 unique=1 p_hat=1.0000
step=00092 loss=0.0000 R=0.600 adv=0.000 unique=1 p_hat=1.0000
step=00093 loss=0.0000 R=0.600 adv=0.000 unique=1 p_hat=1.0000
step=00094 loss=0.0000 R=0.600 adv=0.000 unique=1 p_hat=1.0000
step=00095 loss=0.0000 R=0.600 adv=0.000 unique=1 p_hat=1.0000
step=00096 loss=0.0000 R=0.600 adv=0.000 unique=1 p_hat=1.0000
step=00097 loss=0.0000 R=0.600 adv=0.000 unique=1 p_hat=1.0000
step=00098 loss=0.0000 R=0.600 adv=0.000 unique=1 p_hat=1.0000
step=00099 loss=0.0000 R=0.600 adv=0.000 unique=1 p_hat=1.0000
--- epoch=009 eval L1=2.0000 TV=1.0000 modes=0/4 peak_mass=0.0000
step=00100 loss=0.0000 R=0.600 adv=0.000 unique=1 p_hat=1.0000
step=00101 loss=0.0000 R=0.600 adv=0.000 unique=1 p_hat=1.0000
step=00102 loss=0.0000 R=0.600 adv=0.000 unique=1 p_hat=1.0000
step=00103 loss=0.0000 R=0.600 adv=0.000 unique=1 p_hat=1.0000
step=00104 loss=0.0000 R=0.600 adv=0.000 unique=1 p_hat=1.0000
step=00105 loss=0.0000 R=0.600 adv=0.000 unique=1 p_hat=1.0000
step=00106 loss=0.0000 R=0.600 adv=0.000 unique=1 p_hat=1.0000
step=00107 loss=0.0000 R=0.600 adv=0.000 unique=1 p_hat=1.0000
step=00108 loss=0.0000 R=0.600 adv=0.000 unique=1 p_hat=1.0000
step=00109 loss=0.0000 R=0.600 adv=0.000 unique=1 p_hat=1.0000
step=00110 loss=0.0000 R=0.600 adv=0.000 unique=1 p_hat=1.0000
step=00111 loss=0.0000 R=0.600 adv=0.000 unique=1 p_hat=1.0000
step=00112 loss=0.0000 R=0.600 adv=0.000 unique=1 p_hat=1.0000
step=00113 loss=0.0000 R=0.600 adv=0.000 unique=1 p_hat=1.0000
step=00114 loss=0.0000 R=0.600 adv=0.000 unique=1 p_hat=1.0000
step=00115 loss=0.0000 R=0.600 adv=0.000 unique=1 p_hat=1.0000
step=00116 loss=0.0000 R=0.600 adv=0.000 unique=1 p_hat=1.0000
step=00117 loss=0.0000 R=0.600 adv=0.000 unique=1 p_hat=1.0000
step=00118 loss=0.0000 R=0.600 adv=0.000 unique=1 p_hat=1.0000
step=00119 loss=0.0000 R=0.600 adv=0.000 unique=1 p_hat=1.0000
step=00120 loss=0.0000 R=0.600 adv=0.000 unique=1 p_hat=1.0000
step=00121 loss=0.0000 R=0.600 adv=0.000 unique=1 p_hat=1.0000
step=00122 loss=0.0000 R=0.600 adv=0.000 unique=1 p_hat=1.0000
step=00123 loss=0.0000 R=0.600 adv=0.000 unique=1 p_hat=1.0000
step=00124 loss=0.0000 R=0.600 adv=0.000 unique=1 p_hat=1.0000
step=00125 loss=0.0000 R=0.600 adv=0.000 unique=1 p_hat=1.0000
step=00126 loss=0.0000 R=0.600 adv=0.000 unique=1 p_hat=1.0000
step=00127 loss=0.0000 R=0.600 adv=0.000 unique=1 p_hat=1.0000
step=00128 loss=0.0000 R=0.600 adv=0.000 unique=1 p_hat=1.0000
step=00129 loss=0.0000 R=0.600 adv=0.000 unique=1 p_hat=1.0000
step=00130 loss=0.0000 R=0.600 adv=0.000 unique=1 p_hat=1.0000
step=00131 loss=0.0000 R=0.600 adv=0.000 unique=1 p_hat=1.0000
step=00132 loss=0.0000 R=0.600 adv=0.000 unique=1 p_hat=1.0000
step=00133 loss=0.0000 R=0.600 adv=0.000 unique=1 p_hat=1.0000
step=00134 loss=0.0000 R=0.600 adv=0.000 unique=1 p_hat=1.0000
step=00135 loss=0.0000 R=0.600 adv=0.000 unique=1 p_hat=1.0000
step=00136 loss=0.0000 R=0.600 adv=0.000 unique=1 p_hat=1.0000
step=00137 loss=0.0000 R=0.600 adv=0.000 unique=1 p_hat=1.0000
step=00138 loss=0.0000 R=0.600 adv=0.000 unique=1 p_hat=1.0000
step=00139 loss=0.0000 R=0.600 adv=0.000 unique=1 p_hat=1.0000
step=00140 loss=0.0000 R=0.600 adv=0.000 unique=1 p_hat=1.0000
step=00141 loss=0.0000 R=0.600 adv=0.000 unique=1 p_hat=1.0000
step=00142 loss=0.0000 R=0.600 adv=0.000 unique=1 p_hat=1.0000
step=00143 loss=0.0000 R=0.600 adv=0.000 unique=1 p_hat=1.0000
step=00144 loss=0.0000 R=0.600 adv=0.000 unique=1 p_hat=1.0000
step=00145 loss=0.0000 R=0.600 adv=0.000 unique=1 p_hat=1.0000
step=00146 loss=0.0000 R=0.600 adv=0.000 unique=1 p_hat=1.0000
step=00147 loss=0.0000 R=0.600 adv=0.000 unique=1 p_hat=1.0000
step=00148 loss=0.0000 R=0.600 adv=0.000 unique=1 p_hat=1.0000
step=00149 loss=0.0000 R=0.600 adv=0.000 unique=1 p_hat=1.0000
step=00150 loss=0.0000 R=0.600 adv=0.000 unique=1 p_hat=1.0000
step=00151 loss=0.0000 R=0.600 adv=0.000 unique=1 p_hat=1.0000
step=00152 loss=0.0000 R=0.600 adv=0.000 unique=1 p_hat=1.0000
step=00153 loss=0.0000 R=0.600 adv=0.000 unique=1 p_hat=1.0000
step=00154 loss=0.0000 R=0.600 adv=0.000 unique=1 p_hat=1.0000
step=00155 loss=0.0000 R=0.600 adv=0.000 unique=1 p_hat=1.0000
step=00156 loss=0.0000 R=0.600 adv=0.000 unique=1 p_hat=1.0000
step=00157 loss=0.0000 R=0.600 adv=0.000 unique=1 p_hat=1.0000
step=00158 loss=0.0000 R=0.600 adv=0.000 unique=1 p_hat=1.0000
step=00159 loss=0.0000 R=0.600 adv=0.000 unique=1 p_hat=1.0000
step=00160 loss=0.0000 R=0.600 adv=0.000 unique=1 p_hat=1.0000
step=00161 loss=0.0000 R=0.600 adv=0.000 unique=1 p_hat=1.0000
step=00162 loss=0.0000 R=0.600 adv=0.000 unique=1 p_hat=1.0000
step=00163 loss=0.0000 R=0.600 adv=0.000 unique=1 p_hat=1.0000
step=00164 loss=0.0000 R=0.600 adv=0.000 unique=1 p_hat=1.0000
step=00165 loss=0.0000 R=0.600 adv=0.000 unique=1 p_hat=1.0000
step=00166 loss=0.0000 R=0.600 adv=0.000 unique=1 p_hat=1.0000
step=00167 loss=0.0000 R=0.600 adv=0.000 unique=1 p_hat=1.0000
step=00168 loss=0.0000 R=0.600 adv=0.000 unique=1 p_hat=1.0000
step=00169 loss=0.0000 R=0.600 adv=0.000 unique=1 p_hat=1.0000
step=00170 loss=0.0000 R=0.600 adv=0.000 unique=1 p_hat=1.0000
step=00171 loss=0.0000 R=0.600 adv=0.000 unique=1 p_hat=1.0000
step=00172 loss=0.0000 R=0.600 adv=0.000 unique=1 p_hat=1.0000
step=00173 loss=0.0000 R=0.600 adv=0.000 unique=1 p_hat=1.0000
step=00174 loss=0.0000 R=0.600 adv=0.000 unique=1 p_hat=1.0000
step=00175 loss=0.0000 R=0.600 adv=0.000 unique=1 p_hat=1.0000
step=00176 loss=0.0000 R=0.600 adv=0.000 unique=1 p_hat=1.0000
step=00177 loss=0.0000 R=0.600 adv=0.000 unique=1 p_hat=1.0000
step=00178 loss=0.0000 R=0.600 adv=0.000 unique=1 p_hat=1.0000
step=00179 loss=0.0000 R=0.600 adv=0.000 unique=1 p_hat=1.0000
step=00180 loss=0.0000 R=0.600 adv=0.000 unique=1 p_hat=1.0000
step=00181 loss=0.0000 R=0.600 adv=0.000 unique=1 p_hat=1.0000
step=00182 loss=0.0000 R=0.600 adv=0.000 unique=1 p_hat=1.0000
step=00183 loss=0.0000 R=0.600 adv=0.000 unique=1 p_hat=1.0000
step=00184 loss=0.0000 R=0.600 adv=0.000 unique=1 p_hat=1.0000
step=00185 loss=0.0000 R=0.600 adv=0.000 unique=1 p_hat=1.0000
step=00186 loss=0.0000 R=0.600 adv=0.000 unique=1 p_hat=1.0000
step=00187 loss=0.0000 R=0.600 adv=0.000 unique=1 p_hat=1.0000
step=00188 loss=0.0000 R=0.600 adv=0.000 unique=1 p_hat=1.0000
step=00189 loss=0.0000 R=0.600 adv=0.000 unique=1 p_hat=1.0000
step=00190 loss=0.0000 R=0.600 adv=0.000 unique=1 p_hat=1.0000
step=00191 loss=0.0000 R=0.600 adv=0.000 unique=1 p_hat=1.0000
step=00192 loss=0.0000 R=0.600 adv=0.000 unique=1 p_hat=1.0000
step=00193 loss=0.0000 R=0.600 adv=0.000 unique=1 p_hat=1.0000
step=00194 loss=0.0000 R=0.600 adv=0.000 unique=1 p_hat=1.0000
step=00195 loss=0.0000 R=0.600 adv=0.000 unique=1 p_hat=1.0000
step=00196 loss=0.0000 R=0.600 adv=0.000 unique=1 p_hat=1.0000
step=00197 loss=0.0000 R=0.600 adv=0.000 unique=1 p_hat=1.0000
step=00198 loss=0.0000 R=0.600 adv=0.000 unique=1 p_hat=1.0000
step=00199 loss=0.0000 R=0.600 adv=0.000 unique=1 p_hat=1.0000
--- epoch=019 eval L1=2.0000 TV=1.0000 modes=0/4 peak_mass=0.0000
step=00200 loss=0.0000 R=0.600 adv=0.000 unique=1 p_hat=1.0000
step=00201 loss=0.0000 R=0.600 adv=0.000 unique=1 p_hat=1.0000
step=00202 loss=0.0000 R=0.600 adv=0.000 unique=1 p_hat=1.0000
step=00203 loss=0.0000 R=0.600 adv=0.000 unique=1 p_hat=1.0000
step=00204 loss=0.0000 R=0.600 adv=0.000 unique=1 p_hat=1.0000
step=00205 loss=0.0000 R=0.600 adv=0.000 unique=1 p_hat=1.0000
step=00206 loss=0.0000 R=0.600 adv=0.000 unique=1 p_hat=1.0000
step=00207 loss=0.0000 R=0.600 adv=0.000 unique=1 p_hat=1.0000
step=00208 loss=0.0000 R=0.600 adv=0.000 unique=1 p_hat=1.0000
step=00209 loss=0.0000 R=0.600 adv=0.000 unique=1 p_hat=1.0000
step=00210 loss=0.0000 R=0.600 adv=0.000 unique=1 p_hat=1.0000
step=00211 loss=0.0000 R=0.600 adv=0.000 unique=1 p_hat=1.0000
step=00212 loss=0.0000 R=0.600 adv=0.000 unique=1 p_hat=1.0000
step=00213 loss=0.0000 R=0.600 adv=0.000 unique=1 p_hat=1.0000
step=00214 loss=0.0000 R=0.600 adv=0.000 unique=1 p_hat=1.0000
step=00215 loss=0.0000 R=0.600 adv=0.000 unique=1 p_hat=1.0000
step=00216 loss=0.0000 R=0.600 adv=0.000 unique=1 p_hat=1.0000
step=00217 loss=0.0000 R=0.600 adv=0.000 unique=1 p_hat=1.0000
step=00218 loss=0.0000 R=0.600 adv=0.000 unique=1 p_hat=1.0000
step=00219 loss=0.0000 R=0.600 adv=0.000 unique=1 p_hat=1.0000
step=00220 loss=0.0000 R=0.600 adv=0.000 unique=1 p_hat=1.0000
step=00221 loss=0.0000 R=0.600 adv=0.000 unique=1 p_hat=1.0000
step=00222 loss=0.0000 R=0.600 adv=0.000 unique=1 p_hat=1.0000
step=00223 loss=0.0000 R=0.600 adv=0.000 unique=1 p_hat=1.0000
step=00224 loss=0.0000 R=0.600 adv=0.000 unique=1 p_hat=1.0000
step=00225 loss=0.0000 R=0.600 adv=0.000 unique=1 p_hat=1.0000
step=00226 loss=0.0000 R=0.600 adv=0.000 unique=1 p_hat=1.0000
step=00227 loss=0.0000 R=0.600 adv=0.000 unique=1 p_hat=1.0000
step=00228 loss=0.0000 R=0.600 adv=0.000 unique=1 p_hat=1.0000
step=00229 loss=0.0000 R=0.600 adv=0.000 unique=1 p_hat=1.0000
step=00230 loss=0.0000 R=0.600 adv=0.000 unique=1 p_hat=1.0000
step=00231 loss=0.0000 R=0.600 adv=0.000 unique=1 p_hat=1.0000
step=00232 loss=0.0000 R=0.600 adv=0.000 unique=1 p_hat=1.0000
step=00233 loss=0.0000 R=0.600 adv=0.000 unique=1 p_hat=1.0000
step=00234 loss=0.0000 R=0.600 adv=0.000 unique=1 p_hat=1.0000
step=00235 loss=0.0000 R=0.600 adv=0.000 unique=1 p_hat=1.0000
step=00236 loss=0.0000 R=0.600 adv=0.000 unique=1 p_hat=1.0000
step=00237 loss=0.0000 R=0.600 adv=0.000 unique=1 p_hat=1.0000
step=00238 loss=0.0000 R=0.600 adv=0.000 unique=1 p_hat=1.0000
step=00239 loss=0.0000 R=0.600 adv=0.000 unique=1 p_hat=1.0000
step=00240 loss=0.0000 R=0.600 adv=0.000 unique=1 p_hat=1.0000
step=00241 loss=0.0000 R=0.600 adv=0.000 unique=1 p_hat=1.0000
step=00242 loss=0.0000 R=0.600 adv=0.000 unique=1 p_hat=1.0000
step=00243 loss=0.0000 R=0.600 adv=0.000 unique=1 p_hat=1.0000
step=00244 loss=0.0000 R=0.600 adv=0.000 unique=1 p_hat=1.0000
step=00245 loss=0.0000 R=0.600 adv=0.000 unique=1 p_hat=1.0000
step=00246 loss=0.0000 R=0.600 adv=0.000 unique=1 p_hat=1.0000
step=00247 loss=0.0000 R=0.600 adv=0.000 unique=1 p_hat=1.0000
step=00248 loss=0.0000 R=0.600 adv=0.000 unique=1 p_hat=1.0000
step=00249 loss=0.0000 R=0.600 adv=0.000 unique=1 p_hat=1.0000
step=00250 loss=0.0000 R=0.600 adv=0.000 unique=1 p_hat=1.0000
step=00251 loss=0.0000 R=0.600 adv=0.000 unique=1 p_hat=1.0000
step=00252 loss=0.0000 R=0.600 adv=0.000 unique=1 p_hat=1.0000
step=00253 loss=0.0000 R=0.600 adv=0.000 unique=1 p_hat=1.0000
step=00254 loss=0.0000 R=0.600 adv=0.000 unique=1 p_hat=1.0000
step=00255 loss=0.0000 R=0.600 adv=0.000 unique=1 p_hat=1.0000
step=00256 loss=0.0000 R=0.600 adv=0.000 unique=1 p_hat=1.0000
step=00257 loss=0.0000 R=0.600 adv=0.000 unique=1 p_hat=1.0000
step=00258 loss=0.0000 R=0.600 adv=0.000 unique=1 p_hat=1.0000
step=00259 loss=0.0000 R=0.600 adv=0.000 unique=1 p_hat=1.0000
step=00260 loss=0.0000 R=0.600 adv=0.000 unique=1 p_hat=1.0000
step=00261 loss=0.0000 R=0.600 adv=0.000 unique=1 p_hat=1.0000
step=00262 loss=0.0000 R=0.600 adv=0.000 unique=1 p_hat=1.0000
step=00263 loss=0.0000 R=0.600 adv=0.000 unique=1 p_hat=1.0000
step=00264 loss=0.0000 R=0.600 adv=0.000 unique=1 p_hat=1.0000
step=00265 loss=0.0000 R=0.600 adv=0.000 unique=1 p_hat=1.0000
step=00266 loss=0.0000 R=0.600 adv=0.000 unique=1 p_hat=1.0000
step=00267 loss=0.0000 R=0.600 adv=0.000 unique=1 p_hat=1.0000
step=00268 loss=0.0000 R=0.600 adv=0.000 unique=1 p_hat=1.0000
step=00269 loss=0.0000 R=0.600 adv=0.000 unique=1 p_hat=1.0000
step=00270 loss=0.0000 R=0.600 adv=0.000 unique=1 p_hat=1.0000
step=00271 loss=0.0000 R=0.600 adv=0.000 unique=1 p_hat=1.0000
step=00272 loss=0.0000 R=0.600 adv=0.000 unique=1 p_hat=1.0000
step=00273 loss=0.0000 R=0.600 adv=0.000 unique=1 p_hat=1.0000
step=00274 loss=0.0000 R=0.600 adv=0.000 unique=1 p_hat=1.0000
step=00275 loss=0.0000 R=0.600 adv=0.000 unique=1 p_hat=1.0000
step=00276 loss=0.0000 R=0.600 adv=0.000 unique=1 p_hat=1.0000
step=00277 loss=0.0000 R=0.600 adv=0.000 unique=1 p_hat=1.0000
step=00278 loss=0.0000 R=0.600 adv=0.000 unique=1 p_hat=1.0000
step=00279 loss=0.0000 R=0.600 adv=0.000 unique=1 p_hat=1.0000
step=00280 loss=0.0000 R=0.600 adv=0.000 unique=1 p_hat=1.0000
step=00281 loss=0.0000 R=0.600 adv=0.000 unique=1 p_hat=1.0000
step=00282 loss=0.0000 R=0.600 adv=0.000 unique=1 p_hat=1.0000
step=00283 loss=0.0000 R=0.600 adv=0.000 unique=1 p_hat=1.0000
step=00284 loss=0.0000 R=0.600 adv=0.000 unique=1 p_hat=1.0000
step=00285 loss=0.0000 R=0.600 adv=0.000 unique=1 p_hat=1.0000
step=00286 loss=0.0000 R=0.600 adv=0.000 unique=1 p_hat=1.0000
step=00287 loss=0.0000 R=0.600 adv=0.000 unique=1 p_hat=1.0000
step=00288 loss=0.0000 R=0.600 adv=0.000 unique=1 p_hat=1.0000
step=00289 loss=0.0000 R=0.600 adv=0.000 unique=1 p_hat=1.0000
step=00290 loss=0.0000 R=0.600 adv=0.000 unique=1 p_hat=1.0000
step=00291 loss=0.0000 R=0.600 adv=0.000 unique=1 p_hat=1.0000
step=00292 loss=0.0000 R=0.600 adv=0.000 unique=1 p_hat=1.0000
step=00293 loss=0.0000 R=0.600 adv=0.000 unique=1 p_hat=1.0000
step=00294 loss=0.0000 R=0.600 adv=0.000 unique=1 p_hat=1.0000
step=00295 loss=0.0000 R=0.600 adv=0.000 unique=1 p_hat=1.0000
step=00296 loss=0.0000 R=0.600 adv=0.000 unique=1 p_hat=1.0000
step=00297 loss=0.0000 R=0.600 adv=0.000 unique=1 p_hat=1.0000
step=00298 loss=0.0000 R=0.600 adv=0.000 unique=1 p_hat=1.0000
step=00299 loss=0.0000 R=0.600 adv=0.000 unique=1 p_hat=1.0000
--- epoch=029 eval L1=2.0000 TV=1.0000 modes=0/4 peak_mass=0.0000
step=00300 loss=0.0000 R=0.600 adv=0.000 unique=1 p_hat=1.0000
step=00301 loss=0.0000 R=0.600 adv=0.000 unique=1 p_hat=1.0000
step=00302 loss=0.0000 R=0.600 adv=0.000 unique=1 p_hat=1.0000
step=00303 loss=0.0000 R=0.600 adv=0.000 unique=1 p_hat=1.0000
step=00304 loss=0.0000 R=0.600 adv=0.000 unique=1 p_hat=1.0000
step=00305 loss=0.0000 R=0.600 adv=0.000 unique=1 p_hat=1.0000
step=00306 loss=0.0000 R=0.600 adv=0.000 unique=1 p_hat=1.0000
step=00307 loss=0.0000 R=0.600 adv=0.000 unique=1 p_hat=1.0000
step=00308 loss=0.0000 R=0.600 adv=0.000 unique=1 p_hat=1.0000
step=00309 loss=0.0000 R=0.600 adv=0.000 unique=1 p_hat=1.0000
step=00310 loss=0.0000 R=0.600 adv=0.000 unique=1 p_hat=1.0000
step=00311 loss=0.0000 R=0.600 adv=0.000 unique=1 p_hat=1.0000
step=00312 loss=0.0000 R=0.600 adv=0.000 unique=1 p_hat=1.0000
step=00313 loss=0.0000 R=0.600 adv=0.000 unique=1 p_hat=1.0000
step=00314 loss=0.0000 R=0.600 adv=0.000 unique=1 p_hat=1.0000
step=00315 loss=0.0000 R=0.600 adv=0.000 unique=1 p_hat=1.0000
step=00316 loss=0.0000 R=0.600 adv=0.000 unique=1 p_hat=1.0000
step=00317 loss=0.0000 R=0.600 adv=0.000 unique=1 p_hat=1.0000
step=00318 loss=0.0000 R=0.600 adv=0.000 unique=1 p_hat=1.0000
step=00319 loss=0.0000 R=0.600 adv=0.000 unique=1 p_hat=1.0000
step=00320 loss=0.0000 R=0.600 adv=0.000 unique=1 p_hat=1.0000
step=00321 loss=0.0000 R=0.600 adv=0.000 unique=1 p_hat=1.0000
step=00322 loss=0.0000 R=0.600 adv=0.000 unique=1 p_hat=1.0000
step=00323 loss=0.0000 R=0.600 adv=0.000 unique=1 p_hat=1.0000
step=00324 loss=0.0000 R=0.600 adv=0.000 unique=1 p_hat=1.0000
step=00325 loss=0.0000 R=0.600 adv=0.000 unique=1 p_hat=1.0000
step=00326 loss=0.0000 R=0.600 adv=0.000 unique=1 p_hat=1.0000
step=00327 loss=0.0000 R=0.600 adv=0.000 unique=1 p_hat=1.0000
step=00328 loss=0.0000 R=0.600 adv=0.000 unique=1 p_hat=1.0000
step=00329 loss=0.0000 R=0.600 adv=0.000 unique=1 p_hat=1.0000
step=00330 loss=0.0000 R=0.600 adv=0.000 unique=1 p_hat=1.0000
step=00331 loss=0.0000 R=0.600 adv=0.000 unique=1 p_hat=1.0000
step=00332 loss=0.0000 R=0.600 adv=0.000 unique=1 p_hat=1.0000
step=00333 loss=0.0000 R=0.600 adv=0.000 unique=1 p_hat=1.0000
step=00334 loss=0.0000 R=0.600 adv=0.000 unique=1 p_hat=1.0000
step=00335 loss=0.0000 R=0.600 adv=0.000 unique=1 p_hat=1.0000
step=00336 loss=0.0000 R=0.600 adv=0.000 unique=1 p_hat=1.0000
step=00337 loss=0.0000 R=0.600 adv=0.000 unique=1 p_hat=1.0000
step=00338 loss=0.0000 R=0.600 adv=0.000 unique=1 p_hat=1.0000
step=00339 loss=0.0000 R=0.600 adv=0.000 unique=1 p_hat=1.0000
step=00340 loss=0.0000 R=0.600 adv=0.000 unique=1 p_hat=1.0000
step=00341 loss=0.0000 R=0.600 adv=0.000 unique=1 p_hat=1.0000
step=00342 loss=0.0000 R=0.600 adv=0.000 unique=1 p_hat=1.0000
step=00343 loss=0.0000 R=0.600 adv=0.000 unique=1 p_hat=1.0000
step=00344 loss=0.0000 R=0.600 adv=0.000 unique=1 p_hat=1.0000
step=00345 loss=0.0000 R=0.600 adv=0.000 unique=1 p_hat=1.0000
step=00346 loss=0.0000 R=0.600 adv=0.000 unique=1 p_hat=1.0000
step=00347 loss=0.0000 R=0.600 adv=0.000 unique=1 p_hat=1.0000
step=00348 loss=0.0000 R=0.600 adv=0.000 unique=1 p_hat=1.0000
step=00349 loss=0.0000 R=0.600 adv=0.000 unique=1 p_hat=1.0000
step=00350 loss=0.0000 R=0.600 adv=0.000 unique=1 p_hat=1.0000
step=00351 loss=0.0000 R=0.600 adv=0.000 unique=1 p_hat=1.0000
step=00352 loss=0.0000 R=0.600 adv=0.000 unique=1 p_hat=1.0000
step=00353 loss=0.0000 R=0.600 adv=0.000 unique=1 p_hat=1.0000
step=00354 loss=0.0000 R=0.600 adv=0.000 unique=1 p_hat=1.0000
step=00355 loss=0.0000 R=0.600 adv=0.000 unique=1 p_hat=1.0000
step=00356 loss=0.0000 R=0.600 adv=0.000 unique=1 p_hat=1.0000
step=00357 loss=0.0000 R=0.600 adv=0.000 unique=1 p_hat=1.0000
step=00358 loss=0.0000 R=0.600 adv=0.000 unique=1 p_hat=1.0000
step=00359 loss=0.0000 R=0.600 adv=0.000 unique=1 p_hat=1.0000
step=00360 loss=0.0000 R=0.600 adv=0.000 unique=1 p_hat=1.0000
step=00361 loss=0.0000 R=0.600 adv=0.000 unique=1 p_hat=1.0000
step=00362 loss=0.0000 R=0.600 adv=0.000 unique=1 p_hat=1.0000
step=00363 loss=0.0000 R=0.600 adv=0.000 unique=1 p_hat=1.0000
step=00364 loss=0.0000 R=0.600 adv=0.000 unique=1 p_hat=1.0000
step=00365 loss=0.0000 R=0.600 adv=0.000 unique=1 p_hat=1.0000
step=00366 loss=0.0000 R=0.600 adv=0.000 unique=1 p_hat=1.0000
step=00367 loss=0.0000 R=0.600 adv=0.000 unique=1 p_hat=1.0000
step=00368 loss=0.0000 R=0.600 adv=0.000 unique=1 p_hat=1.0000
step=00369 loss=0.0000 R=0.600 adv=0.000 unique=1 p_hat=1.0000
step=00370 loss=0.0000 R=0.600 adv=0.000 unique=1 p_hat=1.0000
step=00371 loss=0.0000 R=0.600 adv=0.000 unique=1 p_hat=1.0000
step=00372 loss=0.0000 R=0.600 adv=0.000 unique=1 p_hat=1.0000
step=00373 loss=0.0000 R=0.600 adv=0.000 unique=1 p_hat=1.0000
step=00374 loss=0.0000 R=0.600 adv=0.000 unique=1 p_hat=1.0000
step=00375 loss=0.0000 R=0.600 adv=0.000 unique=1 p_hat=1.0000
step=00376 loss=0.0000 R=0.600 adv=0.000 unique=1 p_hat=1.0000
step=00377 loss=0.0000 R=0.600 adv=0.000 unique=1 p_hat=1.0000
step=00378 loss=0.0000 R=0.600 adv=0.000 unique=1 p_hat=1.0000
step=00379 loss=0.0000 R=0.600 adv=0.000 unique=1 p_hat=1.0000
step=00380 loss=0.0000 R=0.600 adv=0.000 unique=1 p_hat=1.0000
step=00381 loss=0.0000 R=0.600 adv=0.000 unique=1 p_hat=1.0000
step=00382 loss=0.0000 R=0.600 adv=0.000 unique=1 p_hat=1.0000
step=00383 loss=0.0000 R=0.600 adv=0.000 unique=1 p_hat=1.0000
step=00384 loss=0.0000 R=0.600 adv=0.000 unique=1 p_hat=1.0000
step=00385 loss=0.0000 R=0.600 adv=0.000 unique=1 p_hat=1.0000
step=00386 loss=0.0000 R=0.600 adv=0.000 unique=1 p_hat=1.0000
step=00387 loss=0.0000 R=0.600 adv=0.000 unique=1 p_hat=1.0000
step=00388 loss=0.0000 R=0.600 adv=0.000 unique=1 p_hat=1.0000
step=00389 loss=0.0000 R=0.600 adv=0.000 unique=1 p_hat=1.0000
step=00390 loss=0.0000 R=0.600 adv=0.000 unique=1 p_hat=1.0000
step=00391 loss=0.0000 R=0.600 adv=0.000 unique=1 p_hat=1.0000
step=00392 loss=0.0000 R=0.600 adv=0.000 unique=1 p_hat=1.0000
step=00393 loss=0.0000 R=0.600 adv=0.000 unique=1 p_hat=1.0000
step=00394 loss=0.0000 R=0.600 adv=0.000 unique=1 p_hat=1.0000
step=00395 loss=0.0000 R=0.600 adv=0.000 unique=1 p_hat=1.0000
step=00396 loss=0.0000 R=0.600 adv=0.000 unique=1 p_hat=1.0000
step=00397 loss=0.0000 R=0.600 adv=0.000 unique=1 p_hat=1.0000
step=00398 loss=0.0000 R=0.600 adv=0.000 unique=1 p_hat=1.0000
step=00399 loss=0.0000 R=0.600 adv=0.000 unique=1 p_hat=1.0000
--- epoch=039 eval L1=2.0000 TV=1.0000 modes=0/4 peak_mass=0.0000
step=00400 loss=0.0000 R=0.600 adv=0.000 unique=1 p_hat=1.0000
step=00401 loss=0.0000 R=0.600 adv=0.000 unique=1 p_hat=1.0000
step=00402 loss=0.0000 R=0.600 adv=0.000 unique=1 p_hat=1.0000
step=00403 loss=0.0000 R=0.600 adv=0.000 unique=1 p_hat=1.0000
step=00404 loss=0.0000 R=0.600 adv=0.000 unique=1 p_hat=1.0000
step=00405 loss=0.0000 R=0.600 adv=0.000 unique=1 p_hat=1.0000
step=00406 loss=0.0000 R=0.600 adv=0.000 unique=1 p_hat=1.0000
step=00407 loss=0.0000 R=0.600 adv=0.000 unique=1 p_hat=1.0000
step=00408 loss=0.0000 R=0.600 adv=0.000 unique=1 p_hat=1.0000
step=00409 loss=0.0000 R=0.600 adv=0.000 unique=1 p_hat=1.0000
step=00410 loss=0.0000 R=0.600 adv=0.000 unique=1 p_hat=1.0000
step=00411 loss=0.0000 R=0.600 adv=0.000 unique=1 p_hat=1.0000
step=00412 loss=0.0000 R=0.600 adv=0.000 unique=1 p_hat=1.0000
step=00413 loss=0.0000 R=0.600 adv=0.000 unique=1 p_hat=1.0000
step=00414 loss=0.0000 R=0.600 adv=0.000 unique=1 p_hat=1.0000
step=00415 loss=0.0000 R=0.600 adv=0.000 unique=1 p_hat=1.0000
step=00416 loss=0.0000 R=0.600 adv=0.000 unique=1 p_hat=1.0000
step=00417 loss=0.0000 R=0.600 adv=0.000 unique=1 p_hat=1.0000
step=00418 loss=0.0000 R=0.600 adv=0.000 unique=1 p_hat=1.0000
step=00419 loss=0.0000 R=0.600 adv=0.000 unique=1 p_hat=1.0000
step=00420 loss=0.0000 R=0.600 adv=0.000 unique=1 p_hat=1.0000
step=00421 loss=0.0000 R=0.600 adv=0.000 unique=1 p_hat=1.0000
step=00422 loss=0.0000 R=0.600 adv=0.000 unique=1 p_hat=1.0000
step=00423 loss=0.0000 R=0.600 adv=0.000 unique=1 p_hat=1.0000
step=00424 loss=0.0000 R=0.600 adv=0.000 unique=1 p_hat=1.0000
step=00425 loss=0.0000 R=0.600 adv=0.000 unique=1 p_hat=1.0000
step=00426 loss=0.0000 R=0.600 adv=0.000 unique=1 p_hat=1.0000
step=00427 loss=0.0000 R=0.600 adv=0.000 unique=1 p_hat=1.0000
step=00428 loss=0.0000 R=0.600 adv=0.000 unique=1 p_hat=1.0000
step=00429 loss=0.0000 R=0.600 adv=0.000 unique=1 p_hat=1.0000
step=00430 loss=0.0000 R=0.600 adv=0.000 unique=1 p_hat=1.0000
step=00431 loss=0.0000 R=0.600 adv=0.000 unique=1 p_hat=1.0000
step=00432 loss=0.0000 R=0.600 adv=0.000 unique=1 p_hat=1.0000
step=00433 loss=0.0000 R=0.600 adv=0.000 unique=1 p_hat=1.0000
step=00434 loss=0.0000 R=0.600 adv=0.000 unique=1 p_hat=1.0000
step=00435 loss=0.0000 R=0.600 adv=0.000 unique=1 p_hat=1.0000
step=00436 loss=0.0000 R=0.600 adv=0.000 unique=1 p_hat=1.0000
step=00437 loss=0.0000 R=0.600 adv=0.000 unique=1 p_hat=1.0000
step=00438 loss=0.0000 R=0.600 adv=0.000 unique=1 p_hat=1.0000
step=00439 loss=0.0000 R=0.600 adv=0.000 unique=1 p_hat=1.0000
step=00440 loss=0.0000 R=0.600 adv=0.000 unique=1 p_hat=1.0000
step=00441 loss=0.0000 R=0.600 adv=0.000 unique=1 p_hat=1.0000
step=00442 loss=0.0000 R=0.600 adv=0.000 unique=1 p_hat=1.0000
step=00443 loss=0.0000 R=0.600 adv=0.000 unique=1 p_hat=1.0000
step=00444 loss=0.0000 R=0.600 adv=0.000 unique=1 p_hat=1.0000
step=00445 loss=0.0000 R=0.600 adv=0.000 unique=1 p_hat=1.0000
step=00446 loss=0.0000 R=0.600 adv=0.000 unique=1 p_hat=1.0000
step=00447 loss=0.0000 R=0.600 adv=0.000 unique=1 p_hat=1.0000
step=00448 loss=0.0000 R=0.600 adv=0.000 unique=1 p_hat=1.0000
step=00449 loss=0.0000 R=0.600 adv=0.000 unique=1 p_hat=1.0000
step=00450 loss=0.0000 R=0.600 adv=0.000 unique=1 p_hat=1.0000
step=00451 loss=0.0000 R=0.600 adv=0.000 unique=1 p_hat=1.0000
step=00452 loss=0.0000 R=0.600 adv=0.000 unique=1 p_hat=1.0000
step=00453 loss=0.0000 R=0.600 adv=0.000 unique=1 p_hat=1.0000
step=00454 loss=0.0000 R=0.600 adv=0.000 unique=1 p_hat=1.0000
step=00455 loss=0.0000 R=0.600 adv=0.000 unique=1 p_hat=1.0000
step=00456 loss=0.0000 R=0.600 adv=0.000 unique=1 p_hat=1.0000
step=00457 loss=0.0000 R=0.600 adv=0.000 unique=1 p_hat=1.0000
step=00458 loss=0.0000 R=0.600 adv=0.000 unique=1 p_hat=1.0000
step=00459 loss=0.0000 R=0.600 adv=0.000 unique=1 p_hat=1.0000
step=00460 loss=0.0000 R=0.600 adv=0.000 unique=1 p_hat=1.0000
step=00461 loss=0.0000 R=0.600 adv=0.000 unique=1 p_hat=1.0000
step=00462 loss=0.0000 R=0.600 adv=0.000 unique=1 p_hat=1.0000
step=00463 loss=0.0000 R=0.600 adv=0.000 unique=1 p_hat=1.0000
step=00464 loss=0.0000 R=0.600 adv=0.000 unique=1 p_hat=1.0000
step=00465 loss=0.0000 R=0.600 adv=0.000 unique=1 p_hat=1.0000
step=00466 loss=0.0000 R=0.600 adv=0.000 unique=1 p_hat=1.0000
step=00467 loss=0.0000 R=0.600 adv=0.000 unique=1 p_hat=1.0000
step=00468 loss=0.0000 R=0.600 adv=0.000 unique=1 p_hat=1.0000
step=00469 loss=0.0000 R=0.600 adv=0.000 unique=1 p_hat=1.0000
step=00470 loss=0.0000 R=0.600 adv=0.000 unique=1 p_hat=1.0000
step=00471 loss=0.0000 R=0.600 adv=0.000 unique=1 p_hat=1.0000
step=00472 loss=0.0000 R=0.600 adv=0.000 unique=1 p_hat=1.0000
step=00473 loss=0.0000 R=0.600 adv=0.000 unique=1 p_hat=1.0000
step=00474 loss=0.0000 R=0.600 adv=0.000 unique=1 p_hat=1.0000
step=00475 loss=0.0000 R=0.600 adv=0.000 unique=1 p_hat=1.0000
step=00476 loss=0.0000 R=0.600 adv=0.000 unique=1 p_hat=1.0000
step=00477 loss=0.0000 R=0.600 adv=0.000 unique=1 p_hat=1.0000
step=00478 loss=0.0000 R=0.600 adv=0.000 unique=1 p_hat=1.0000
step=00479 loss=0.0000 R=0.600 adv=0.000 unique=1 p_hat=1.0000
step=00480 loss=0.0000 R=0.600 adv=0.000 unique=1 p_hat=1.0000
step=00481 loss=0.0000 R=0.600 adv=0.000 unique=1 p_hat=1.0000
step=00482 loss=0.0000 R=0.600 adv=0.000 unique=1 p_hat=1.0000
step=00483 loss=0.0000 R=0.600 adv=0.000 unique=1 p_hat=1.0000
step=00484 loss=0.0000 R=0.600 adv=0.000 unique=1 p_hat=1.0000
step=00485 loss=0.0000 R=0.600 adv=0.000 unique=1 p_hat=1.0000
step=00486 loss=0.0000 R=0.600 adv=0.000 unique=1 p_hat=1.0000
step=00487 loss=0.0000 R=0.600 adv=0.000 unique=1 p_hat=1.0000
step=00488 loss=0.0000 R=0.600 adv=0.000 unique=1 p_hat=1.0000
step=00489 loss=0.0000 R=0.600 adv=0.000 unique=1 p_hat=1.0000
step=00490 loss=0.0000 R=0.600 adv=0.000 unique=1 p_hat=1.0000
step=00491 loss=0.0000 R=0.600 adv=0.000 unique=1 p_hat=1.0000
step=00492 loss=0.0000 R=0.600 adv=0.000 unique=1 p_hat=1.0000
step=00493 loss=0.0000 R=0.600 adv=0.000 unique=1 p_hat=1.0000
step=00494 loss=0.0000 R=0.600 adv=0.000 unique=1 p_hat=1.0000
step=00495 loss=0.0000 R=0.600 adv=0.000 unique=1 p_hat=1.0000
step=00496 loss=0.0000 R=0.600 adv=0.000 unique=1 p_hat=1.0000
step=00497 loss=0.0000 R=0.600 adv=0.000 unique=1 p_hat=1.0000
step=00498 loss=0.0000 R=0.600 adv=0.000 unique=1 p_hat=1.0000
step=00499 loss=0.0000 R=0.600 adv=0.000 unique=1 p_hat=1.0000
--- epoch=049 eval L1=2.0000 TV=1.0000 modes=0/4 peak_mass=0.0000
step=00500 loss=0.0000 R=0.600 adv=0.000 unique=1 p_hat=1.0000
step=00501 loss=0.0000 R=0.600 adv=0.000 unique=1 p_hat=1.0000
step=00502 loss=0.0000 R=0.600 adv=0.000 unique=1 p_hat=1.0000
step=00503 loss=0.0000 R=0.600 adv=0.000 unique=1 p_hat=1.0000
step=00504 loss=0.0000 R=0.600 adv=0.000 unique=1 p_hat=1.0000
step=00505 loss=0.0000 R=0.600 adv=0.000 unique=1 p_hat=1.0000
step=00506 loss=0.0000 R=0.600 adv=0.000 unique=1 p_hat=1.0000
step=00507 loss=0.0000 R=0.600 adv=0.000 unique=1 p_hat=1.0000
step=00508 loss=0.0000 R=0.600 adv=0.000 unique=1 p_hat=1.0000
step=00509 loss=0.0000 R=0.600 adv=0.000 unique=1 p_hat=1.0000
step=00510 loss=0.0000 R=0.600 adv=0.000 unique=1 p_hat=1.0000
step=00511 loss=0.0000 R=0.600 adv=0.000 unique=1 p_hat=1.0000
step=00512 loss=0.0000 R=0.600 adv=0.000 unique=1 p_hat=1.0000
step=00513 loss=0.0000 R=0.600 adv=0.000 unique=1 p_hat=1.0000
step=00514 loss=0.0000 R=0.600 adv=0.000 unique=1 p_hat=1.0000
step=00515 loss=0.0000 R=0.600 adv=0.000 unique=1 p_hat=1.0000
step=00516 loss=0.0000 R=0.600 adv=0.000 unique=1 p_hat=1.0000
step=00517 loss=0.0000 R=0.600 adv=0.000 unique=1 p_hat=1.0000
step=00518 loss=0.0000 R=0.600 adv=0.000 unique=1 p_hat=1.0000
step=00519 loss=0.0000 R=0.600 adv=0.000 unique=1 p_hat=1.0000
step=00520 loss=0.0000 R=0.600 adv=0.000 unique=1 p_hat=1.0000
step=00521 loss=0.0000 R=0.600 adv=0.000 unique=1 p_hat=1.0000
step=00522 loss=0.0000 R=0.600 adv=0.000 unique=1 p_hat=1.0000
step=00523 loss=0.0000 R=0.600 adv=0.000 unique=1 p_hat=1.0000
step=00524 loss=0.0000 R=0.600 adv=0.000 unique=1 p_hat=1.0000
step=00525 loss=0.0000 R=0.600 adv=0.000 unique=1 p_hat=1.0000
step=00526 loss=0.0000 R=0.600 adv=0.000 unique=1 p_hat=1.0000
step=00527 loss=0.0000 R=0.600 adv=0.000 unique=1 p_hat=1.0000
step=00528 loss=0.0000 R=0.600 adv=0.000 unique=1 p_hat=1.0000
step=00529 loss=0.0000 R=0.600 adv=0.000 unique=1 p_hat=1.0000
step=00530 loss=0.0000 R=0.600 adv=0.000 unique=1 p_hat=1.0000
step=00531 loss=0.0000 R=0.600 adv=0.000 unique=1 p_hat=1.0000
step=00532 loss=0.0000 R=0.600 adv=0.000 unique=1 p_hat=1.0000
step=00533 loss=0.0000 R=0.600 adv=0.000 unique=1 p_hat=1.0000
step=00534 loss=0.0000 R=0.600 adv=0.000 unique=1 p_hat=1.0000
step=00535 loss=0.0000 R=0.600 adv=0.000 unique=1 p_hat=1.0000
step=00536 loss=0.0000 R=0.600 adv=0.000 unique=1 p_hat=1.0000
step=00537 loss=0.0000 R=0.600 adv=0.000 unique=1 p_hat=1.0000
step=00538 loss=0.0000 R=0.600 adv=0.000 unique=1 p_hat=1.0000
step=00539 loss=0.0000 R=0.600 adv=0.000 unique=1 p_hat=1.0000
step=00540 loss=0.0000 R=0.600 adv=0.000 unique=1 p_hat=1.0000
step=00541 loss=0.0000 R=0.600 adv=0.000 unique=1 p_hat=1.0000
step=00542 loss=0.0000 R=0.600 adv=0.000 unique=1 p_hat=1.0000
step=00543 loss=0.0000 R=0.600 adv=0.000 unique=1 p_hat=1.0000
step=00544 loss=0.0000 R=0.600 adv=0.000 unique=1 p_hat=1.0000
step=00545 loss=0.0000 R=0.600 adv=0.000 unique=1 p_hat=1.0000
step=00546 loss=0.0000 R=0.600 adv=0.000 unique=1 p_hat=1.0000
step=00547 loss=0.0000 R=0.600 adv=0.000 unique=1 p_hat=1.0000
step=00548 loss=0.0000 R=0.600 adv=0.000 unique=1 p_hat=1.0000
step=00549 loss=0.0000 R=0.600 adv=0.000 unique=1 p_hat=1.0000
step=00550 loss=0.0000 R=0.600 adv=0.000 unique=1 p_hat=1.0000
step=00551 loss=0.0000 R=0.600 adv=0.000 unique=1 p_hat=1.0000
step=00552 loss=0.0000 R=0.600 adv=0.000 unique=1 p_hat=1.0000
step=00553 loss=0.0000 R=0.600 adv=0.000 unique=1 p_hat=1.0000
step=00554 loss=0.0000 R=0.600 adv=0.000 unique=1 p_hat=1.0000
step=00555 loss=0.0000 R=0.600 adv=0.000 unique=1 p_hat=1.0000
step=00556 loss=0.0000 R=0.600 adv=0.000 unique=1 p_hat=1.0000
step=00557 loss=0.0000 R=0.600 adv=0.000 unique=1 p_hat=1.0000
step=00558 loss=0.0000 R=0.600 adv=0.000 unique=1 p_hat=1.0000
step=00559 loss=0.0000 R=0.600 adv=0.000 unique=1 p_hat=1.0000
step=00560 loss=0.0000 R=0.600 adv=0.000 unique=1 p_hat=1.0000
step=00561 loss=0.0000 R=0.600 adv=0.000 unique=1 p_hat=1.0000
step=00562 loss=0.0000 R=0.600 adv=0.000 unique=1 p_hat=1.0000
step=00563 loss=0.0000 R=0.600 adv=0.000 unique=1 p_hat=1.0000
step=00564 loss=0.0000 R=0.600 adv=0.000 unique=1 p_hat=1.0000
step=00565 loss=0.0000 R=0.600 adv=0.000 unique=1 p_hat=1.0000
step=00566 loss=0.0000 R=0.600 adv=0.000 unique=1 p_hat=1.0000
step=00567 loss=0.0000 R=0.600 adv=0.000 unique=1 p_hat=1.0000
step=00568 loss=0.0000 R=0.600 adv=0.000 unique=1 p_hat=1.0000
step=00569 loss=0.0000 R=0.600 adv=0.000 unique=1 p_hat=1.0000
step=00570 loss=0.0000 R=0.600 adv=0.000 unique=1 p_hat=1.0000
step=00571 loss=0.0000 R=0.600 adv=0.000 unique=1 p_hat=1.0000
step=00572 loss=0.0000 R=0.600 adv=0.000 unique=1 p_hat=1.0000
step=00573 loss=0.0000 R=0.600 adv=0.000 unique=1 p_hat=1.0000
step=00574 loss=0.0000 R=0.600 adv=0.000 unique=1 p_hat=1.0000
step=00575 loss=0.0000 R=0.600 adv=0.000 unique=1 p_hat=1.0000
step=00576 loss=0.0000 R=0.600 adv=0.000 unique=1 p_hat=1.0000
step=00577 loss=0.0000 R=0.600 adv=0.000 unique=1 p_hat=1.0000
step=00578 loss=0.0000 R=0.600 adv=0.000 unique=1 p_hat=1.0000
step=00579 loss=0.0000 R=0.600 adv=0.000 unique=1 p_hat=1.0000
step=00580 loss=0.0000 R=0.600 adv=0.000 unique=1 p_hat=1.0000
step=00581 loss=0.0000 R=0.600 adv=0.000 unique=1 p_hat=1.0000
step=00582 loss=0.0000 R=0.600 adv=0.000 unique=1 p_hat=1.0000
step=00583 loss=0.0000 R=0.600 adv=0.000 unique=1 p_hat=1.0000
step=00584 loss=0.0000 R=0.600 adv=0.000 unique=1 p_hat=1.0000
step=00585 loss=0.0000 R=0.600 adv=0.000 unique=1 p_hat=1.0000
step=00586 loss=0.0000 R=0.600 adv=0.000 unique=1 p_hat=1.0000
step=00587 loss=0.0000 R=0.600 adv=0.000 unique=1 p_hat=1.0000
step=00588 loss=0.0000 R=0.600 adv=0.000 unique=1 p_hat=1.0000
step=00589 loss=0.0000 R=0.600 adv=0.000 unique=1 p_hat=1.0000
step=00590 loss=0.0000 R=0.600 adv=0.000 unique=1 p_hat=1.0000
step=00591 loss=0.0000 R=0.600 adv=0.000 unique=1 p_hat=1.0000
step=00592 loss=0.0000 R=0.600 adv=0.000 unique=1 p_hat=1.0000
step=00593 loss=0.0000 R=0.600 adv=0.000 unique=1 p_hat=1.0000
step=00594 loss=0.0000 R=0.600 adv=0.000 unique=1 p_hat=1.0000
step=00595 loss=0.0000 R=0.600 adv=0.000 unique=1 p_hat=1.0000
step=00596 loss=0.0000 R=0.600 adv=0.000 unique=1 p_hat=1.0000
step=00597 loss=0.0000 R=0.600 adv=0.000 unique=1 p_hat=1.0000
step=00598 loss=0.0000 R=0.600 adv=0.000 unique=1 p_hat=1.0000
step=00599 loss=0.0000 R=0.600 adv=0.000 unique=1 p_hat=1.0000
--- epoch=059 eval L1=2.0000 TV=1.0000 modes=0/4 peak_mass=0.0000
step=00600 loss=0.0000 R=0.600 adv=0.000 unique=1 p_hat=1.0000
step=00601 loss=0.0000 R=0.600 adv=0.000 unique=1 p_hat=1.0000
step=00602 loss=0.0000 R=0.600 adv=0.000 unique=1 p_hat=1.0000
step=00603 loss=0.0000 R=0.600 adv=0.000 unique=1 p_hat=1.0000
step=00604 loss=0.0000 R=0.600 adv=0.000 unique=1 p_hat=1.0000
step=00605 loss=0.0000 R=0.600 adv=0.000 unique=1 p_hat=1.0000
step=00606 loss=0.0000 R=0.600 adv=0.000 unique=1 p_hat=1.0000
step=00607 loss=0.0000 R=0.600 adv=0.000 unique=1 p_hat=1.0000
step=00608 loss=0.0000 R=0.600 adv=0.000 unique=1 p_hat=1.0000
step=00609 loss=0.0000 R=0.600 adv=0.000 unique=1 p_hat=1.0000
step=00610 loss=0.0000 R=0.600 adv=0.000 unique=1 p_hat=1.0000
step=00611 loss=0.0000 R=0.600 adv=0.000 unique=1 p_hat=1.0000
step=00612 loss=0.0000 R=0.600 adv=0.000 unique=1 p_hat=1.0000
step=00613 loss=0.0000 R=0.600 adv=0.000 unique=1 p_hat=1.0000
step=00614 loss=0.0000 R=0.600 adv=0.000 unique=1 p_hat=1.0000
step=00615 loss=0.0000 R=0.600 adv=0.000 unique=1 p_hat=1.0000
step=00616 loss=0.0000 R=0.600 adv=0.000 unique=1 p_hat=1.0000
step=00617 loss=0.0000 R=0.600 adv=0.000 unique=1 p_hat=1.0000
step=00618 loss=0.0000 R=0.600 adv=0.000 unique=1 p_hat=1.0000
step=00619 loss=0.0000 R=0.600 adv=0.000 unique=1 p_hat=1.0000
step=00620 loss=0.0000 R=0.600 adv=0.000 unique=1 p_hat=1.0000
step=00621 loss=0.0000 R=0.600 adv=0.000 unique=1 p_hat=1.0000
step=00622 loss=0.0000 R=0.600 adv=0.000 unique=1 p_hat=1.0000
step=00623 loss=0.0000 R=0.600 adv=0.000 unique=1 p_hat=1.0000
step=00624 loss=0.0000 R=0.600 adv=0.000 unique=1 p_hat=1.0000
step=00625 loss=0.0000 R=0.600 adv=0.000 unique=1 p_hat=1.0000
step=00626 loss=0.0000 R=0.600 adv=0.000 unique=1 p_hat=1.0000
step=00627 loss=0.0000 R=0.600 adv=0.000 unique=1 p_hat=1.0000
step=00628 loss=0.0000 R=0.600 adv=0.000 unique=1 p_hat=1.0000
step=00629 loss=0.0000 R=0.600 adv=0.000 unique=1 p_hat=1.0000
step=00630 loss=0.0000 R=0.600 adv=0.000 unique=1 p_hat=1.0000
step=00631 loss=0.0000 R=0.600 adv=0.000 unique=1 p_hat=1.0000
step=00632 loss=0.0000 R=0.600 adv=0.000 unique=1 p_hat=1.0000
step=00633 loss=0.0000 R=0.600 adv=0.000 unique=1 p_hat=1.0000
step=00634 loss=0.0000 R=0.600 adv=0.000 unique=1 p_hat=1.0000
step=00635 loss=0.0000 R=0.600 adv=0.000 unique=1 p_hat=1.0000
step=00636 loss=0.0000 R=0.600 adv=0.000 unique=1 p_hat=1.0000
step=00637 loss=0.0000 R=0.600 adv=0.000 unique=1 p_hat=1.0000
step=00638 loss=0.0000 R=0.600 adv=0.000 unique=1 p_hat=1.0000
step=00639 loss=0.0000 R=0.600 adv=0.000 unique=1 p_hat=1.0000
step=00640 loss=0.0000 R=0.600 adv=0.000 unique=1 p_hat=1.0000
step=00641 loss=0.0000 R=0.600 adv=0.000 unique=1 p_hat=1.0000
step=00642 loss=0.0000 R=0.600 adv=0.000 unique=1 p_hat=1.0000
step=00643 loss=0.0000 R=0.600 adv=0.000 unique=1 p_hat=1.0000
step=00644 loss=0.0000 R=0.600 adv=0.000 unique=1 p_hat=1.0000
step=00645 loss=0.0000 R=0.600 adv=0.000 unique=1 p_hat=1.0000
step=00646 loss=0.0000 R=0.600 adv=0.000 unique=1 p_hat=1.0000
step=00647 loss=0.0000 R=0.600 adv=0.000 unique=1 p_hat=1.0000
step=00648 loss=0.0000 R=0.600 adv=0.000 unique=1 p_hat=1.0000
step=00649 loss=0.0000 R=0.600 adv=0.000 unique=1 p_hat=1.0000
step=00650 loss=0.0000 R=0.600 adv=0.000 unique=1 p_hat=1.0000
step=00651 loss=0.0000 R=0.600 adv=0.000 unique=1 p_hat=1.0000
step=00652 loss=0.0000 R=0.600 adv=0.000 unique=1 p_hat=1.0000
step=00653 loss=0.0000 R=0.600 adv=0.000 unique=1 p_hat=1.0000
step=00654 loss=0.0000 R=0.600 adv=0.000 unique=1 p_hat=1.0000
step=00655 loss=0.0000 R=0.600 adv=0.000 unique=1 p_hat=1.0000
step=00656 loss=0.0000 R=0.600 adv=0.000 unique=1 p_hat=1.0000
step=00657 loss=0.0000 R=0.600 adv=0.000 unique=1 p_hat=1.0000
step=00658 loss=0.0000 R=0.600 adv=0.000 unique=1 p_hat=1.0000
step=00659 loss=0.0000 R=0.600 adv=0.000 unique=1 p_hat=1.0000
step=00660 loss=0.0000 R=0.600 adv=0.000 unique=1 p_hat=1.0000
step=00661 loss=0.0000 R=0.600 adv=0.000 unique=1 p_hat=1.0000
step=00662 loss=0.0000 R=0.600 adv=0.000 unique=1 p_hat=1.0000
step=00663 loss=0.0000 R=0.600 adv=0.000 unique=1 p_hat=1.0000
step=00664 loss=0.0000 R=0.600 adv=0.000 unique=1 p_hat=1.0000
step=00665 loss=0.0000 R=0.600 adv=0.000 unique=1 p_hat=1.0000
step=00666 loss=0.0000 R=0.600 adv=0.000 unique=1 p_hat=1.0000
step=00667 loss=0.0000 R=0.600 adv=0.000 unique=1 p_hat=1.0000
step=00668 loss=0.0000 R=0.600 adv=0.000 unique=1 p_hat=1.0000
step=00669 loss=0.0000 R=0.600 adv=0.000 unique=1 p_hat=1.0000
step=00670 loss=0.0000 R=0.600 adv=0.000 unique=1 p_hat=1.0000
step=00671 loss=0.0000 R=0.600 adv=0.000 unique=1 p_hat=1.0000
step=00672 loss=0.0000 R=0.600 adv=0.000 unique=1 p_hat=1.0000
step=00673 loss=0.0000 R=0.600 adv=0.000 unique=1 p_hat=1.0000
step=00674 loss=0.0000 R=0.600 adv=0.000 unique=1 p_hat=1.0000
step=00675 loss=0.0000 R=0.600 adv=0.000 unique=1 p_hat=1.0000
step=00676 loss=0.0000 R=0.600 adv=0.000 unique=1 p_hat=1.0000
step=00677 loss=0.0000 R=0.600 adv=0.000 unique=1 p_hat=1.0000
step=00678 loss=0.0000 R=0.600 adv=0.000 unique=1 p_hat=1.0000
step=00679 loss=0.0000 R=0.600 adv=0.000 unique=1 p_hat=1.0000
step=00680 loss=0.0000 R=0.600 adv=0.000 unique=1 p_hat=1.0000
step=00681 loss=0.0000 R=0.600 adv=0.000 unique=1 p_hat=1.0000
step=00682 loss=0.0000 R=0.600 adv=0.000 unique=1 p_hat=1.0000
step=00683 loss=0.0000 R=0.600 adv=0.000 unique=1 p_hat=1.0000
step=00684 loss=0.0000 R=0.600 adv=0.000 unique=1 p_hat=1.0000
step=00685 loss=0.0000 R=0.600 adv=0.000 unique=1 p_hat=1.0000
step=00686 loss=0.0000 R=0.600 adv=0.000 unique=1 p_hat=1.0000
step=00687 loss=0.0000 R=0.600 adv=0.000 unique=1 p_hat=1.0000
step=00688 loss=0.0000 R=0.600 adv=0.000 unique=1 p_hat=1.0000
step=00689 loss=0.0000 R=0.600 adv=0.000 unique=1 p_hat=1.0000
step=00690 loss=0.0000 R=0.600 adv=0.000 unique=1 p_hat=1.0000
step=00691 loss=0.0000 R=0.600 adv=0.000 unique=1 p_hat=1.0000
step=00692 loss=0.0000 R=0.600 adv=0.000 unique=1 p_hat=1.0000
step=00693 loss=0.0000 R=0.600 adv=0.000 unique=1 p_hat=1.0000
step=00694 loss=0.0000 R=0.600 adv=0.000 unique=1 p_hat=1.0000
step=00695 loss=0.0000 R=0.600 adv=0.000 unique=1 p_hat=1.0000
step=00696 loss=0.0000 R=0.600 adv=0.000 unique=1 p_hat=1.0000
step=00697 loss=0.0000 R=0.600 adv=0.000 unique=1 p_hat=1.0000
step=00698 loss=0.0000 R=0.600 adv=0.000 unique=1 p_hat=1.0000
step=00699 loss=0.0000 R=0.600 adv=0.000 unique=1 p_hat=1.0000
--- epoch=069 eval L1=2.0000 TV=1.0000 modes=0/4 peak_mass=0.0000
step=00700 loss=0.0000 R=0.600 adv=0.000 unique=1 p_hat=1.0000
step=00701 loss=0.0000 R=0.600 adv=0.000 unique=1 p_hat=1.0000
step=00702 loss=0.0000 R=0.600 adv=0.000 unique=1 p_hat=1.0000
step=00703 loss=0.0000 R=0.600 adv=0.000 unique=1 p_hat=1.0000
step=00704 loss=0.0000 R=0.600 adv=0.000 unique=1 p_hat=1.0000
step=00705 loss=0.0000 R=0.600 adv=0.000 unique=1 p_hat=1.0000
step=00706 loss=0.0000 R=0.600 adv=0.000 unique=1 p_hat=1.0000
step=00707 loss=0.0000 R=0.600 adv=0.000 unique=1 p_hat=1.0000
step=00708 loss=0.0000 R=0.600 adv=0.000 unique=1 p_hat=1.0000
step=00709 loss=0.0000 R=0.600 adv=0.000 unique=1 p_hat=1.0000
step=00710 loss=0.0000 R=0.600 adv=0.000 unique=1 p_hat=1.0000
step=00711 loss=0.0000 R=0.600 adv=0.000 unique=1 p_hat=1.0000
step=00712 loss=0.0000 R=0.600 adv=0.000 unique=1 p_hat=1.0000
step=00713 loss=0.0000 R=0.600 adv=0.000 unique=1 p_hat=1.0000
step=00714 loss=0.0000 R=0.600 adv=0.000 unique=1 p_hat=1.0000
step=00715 loss=0.0000 R=0.600 adv=0.000 unique=1 p_hat=1.0000
step=00716 loss=0.0000 R=0.600 adv=0.000 unique=1 p_hat=1.0000
step=00717 loss=0.0000 R=0.600 adv=0.000 unique=1 p_hat=1.0000
step=00718 loss=0.0000 R=0.600 adv=0.000 unique=1 p_hat=1.0000
step=00719 loss=0.0000 R=0.600 adv=0.000 unique=1 p_hat=1.0000
step=00720 loss=0.0000 R=0.600 adv=0.000 unique=1 p_hat=1.0000
step=00721 loss=0.0000 R=0.600 adv=0.000 unique=1 p_hat=1.0000
step=00722 loss=0.0000 R=0.600 adv=0.000 unique=1 p_hat=1.0000
step=00723 loss=0.0000 R=0.600 adv=0.000 unique=1 p_hat=1.0000
step=00724 loss=0.0000 R=0.600 adv=0.000 unique=1 p_hat=1.0000
step=00725 loss=0.0000 R=0.600 adv=0.000 unique=1 p_hat=1.0000
step=00726 loss=0.0000 R=0.600 adv=0.000 unique=1 p_hat=1.0000
step=00727 loss=0.0000 R=0.600 adv=0.000 unique=1 p_hat=1.0000
step=00728 loss=0.0000 R=0.600 adv=0.000 unique=1 p_hat=1.0000
step=00729 loss=0.0000 R=0.600 adv=0.000 unique=1 p_hat=1.0000
step=00730 loss=0.0000 R=0.600 adv=0.000 unique=1 p_hat=1.0000
step=00731 loss=0.0000 R=0.600 adv=0.000 unique=1 p_hat=1.0000
step=00732 loss=0.0000 R=0.600 adv=0.000 unique=1 p_hat=1.0000
step=00733 loss=0.0000 R=0.600 adv=0.000 unique=1 p_hat=1.0000
step=00734 loss=0.0000 R=0.600 adv=0.000 unique=1 p_hat=1.0000
step=00735 loss=0.0000 R=0.600 adv=0.000 unique=1 p_hat=1.0000
step=00736 loss=0.0000 R=0.600 adv=0.000 unique=1 p_hat=1.0000
step=00737 loss=0.0000 R=0.600 adv=0.000 unique=1 p_hat=1.0000
step=00738 loss=0.0000 R=0.600 adv=0.000 unique=1 p_hat=1.0000
step=00739 loss=0.0000 R=0.600 adv=0.000 unique=1 p_hat=1.0000
step=00740 loss=0.0000 R=0.600 adv=0.000 unique=1 p_hat=1.0000
step=00741 loss=0.0000 R=0.600 adv=0.000 unique=1 p_hat=1.0000
step=00742 loss=0.0000 R=0.600 adv=0.000 unique=1 p_hat=1.0000
step=00743 loss=0.0000 R=0.600 adv=0.000 unique=1 p_hat=1.0000
step=00744 loss=0.0000 R=0.600 adv=0.000 unique=1 p_hat=1.0000
step=00745 loss=0.0000 R=0.600 adv=0.000 unique=1 p_hat=1.0000
step=00746 loss=0.0000 R=0.600 adv=0.000 unique=1 p_hat=1.0000
step=00747 loss=0.0000 R=0.600 adv=0.000 unique=1 p_hat=1.0000
step=00748 loss=0.0000 R=0.600 adv=0.000 unique=1 p_hat=1.0000
step=00749 loss=0.0000 R=0.600 adv=0.000 unique=1 p_hat=1.0000
step=00750 loss=0.0000 R=0.600 adv=0.000 unique=1 p_hat=1.0000
step=00751 loss=0.0000 R=0.600 adv=0.000 unique=1 p_hat=1.0000
step=00752 loss=0.0000 R=0.600 adv=0.000 unique=1 p_hat=1.0000
step=00753 loss=0.0000 R=0.600 adv=0.000 unique=1 p_hat=1.0000
step=00754 loss=0.0000 R=0.600 adv=0.000 unique=1 p_hat=1.0000
step=00755 loss=0.0000 R=0.600 adv=0.000 unique=1 p_hat=1.0000
step=00756 loss=0.0000 R=0.600 adv=0.000 unique=1 p_hat=1.0000
step=00757 loss=0.0000 R=0.600 adv=0.000 unique=1 p_hat=1.0000
step=00758 loss=0.0000 R=0.600 adv=0.000 unique=1 p_hat=1.0000
step=00759 loss=0.0000 R=0.600 adv=0.000 unique=1 p_hat=1.0000
step=00760 loss=0.0000 R=0.600 adv=0.000 unique=1 p_hat=1.0000
step=00761 loss=0.0000 R=0.600 adv=0.000 unique=1 p_hat=1.0000
step=00762 loss=0.0000 R=0.600 adv=0.000 unique=1 p_hat=1.0000
step=00763 loss=0.0000 R=0.600 adv=0.000 unique=1 p_hat=1.0000
step=00764 loss=0.0000 R=0.600 adv=0.000 unique=1 p_hat=1.0000
step=00765 loss=0.0000 R=0.600 adv=0.000 unique=1 p_hat=1.0000
step=00766 loss=0.0000 R=0.600 adv=0.000 unique=1 p_hat=1.0000
step=00767 loss=0.0000 R=0.600 adv=0.000 unique=1 p_hat=1.0000
step=00768 loss=0.0000 R=0.600 adv=0.000 unique=1 p_hat=1.0000
step=00769 loss=0.0000 R=0.600 adv=0.000 unique=1 p_hat=1.0000
step=00770 loss=0.0000 R=0.600 adv=0.000 unique=1 p_hat=1.0000
step=00771 loss=0.0000 R=0.600 adv=0.000 unique=1 p_hat=1.0000
step=00772 loss=0.0000 R=0.600 adv=0.000 unique=1 p_hat=1.0000
step=00773 loss=0.0000 R=0.600 adv=0.000 unique=1 p_hat=1.0000
step=00774 loss=0.0000 R=0.600 adv=0.000 unique=1 p_hat=1.0000
step=00775 loss=0.0000 R=0.600 adv=0.000 unique=1 p_hat=1.0000
step=00776 loss=0.0000 R=0.600 adv=0.000 unique=1 p_hat=1.0000
step=00777 loss=0.0000 R=0.600 adv=0.000 unique=1 p_hat=1.0000
step=00778 loss=0.0000 R=0.600 adv=0.000 unique=1 p_hat=1.0000
step=00779 loss=0.0000 R=0.600 adv=0.000 unique=1 p_hat=1.0000
step=00780 loss=0.0000 R=0.600 adv=0.000 unique=1 p_hat=1.0000
step=00781 loss=0.0000 R=0.600 adv=0.000 unique=1 p_hat=1.0000
step=00782 loss=0.0000 R=0.600 adv=0.000 unique=1 p_hat=1.0000
step=00783 loss=0.0000 R=0.600 adv=0.000 unique=1 p_hat=1.0000
step=00784 loss=0.0000 R=0.600 adv=0.000 unique=1 p_hat=1.0000
step=00785 loss=0.0000 R=0.600 adv=0.000 unique=1 p_hat=1.0000
step=00786 loss=0.0000 R=0.600 adv=0.000 unique=1 p_hat=1.0000
step=00787 loss=0.0000 R=0.600 adv=0.000 unique=1 p_hat=1.0000
step=00788 loss=0.0000 R=0.600 adv=0.000 unique=1 p_hat=1.0000
step=00789 loss=0.0000 R=0.600 adv=0.000 unique=1 p_hat=1.0000
step=00790 loss=0.0000 R=0.600 adv=0.000 unique=1 p_hat=1.0000
step=00791 loss=0.0000 R=0.600 adv=0.000 unique=1 p_hat=1.0000
step=00792 loss=0.0000 R=0.600 adv=0.000 unique=1 p_hat=1.0000
step=00793 loss=0.0000 R=0.600 adv=0.000 unique=1 p_hat=1.0000
step=00794 loss=0.0000 R=0.600 adv=0.000 unique=1 p_hat=1.0000
step=00795 loss=0.0000 R=0.600 adv=0.000 unique=1 p_hat=1.0000
step=00796 loss=0.0000 R=0.600 adv=0.000 unique=1 p_hat=1.0000
step=00797 loss=0.0000 R=0.600 adv=0.000 unique=1 p_hat=1.0000
step=00798 loss=0.0000 R=0.600 adv=0.000 unique=1 p_hat=1.0000
step=00799 loss=0.0000 R=0.600 adv=0.000 unique=1 p_hat=1.0000
--- epoch=079 eval L1=2.0000 TV=1.0000 modes=0/4 peak_mass=0.0000
step=00800 loss=0.0000 R=0.600 adv=0.000 unique=1 p_hat=1.0000
step=00801 loss=0.0000 R=0.600 adv=0.000 unique=1 p_hat=1.0000
step=00802 loss=0.0000 R=0.600 adv=0.000 unique=1 p_hat=1.0000
step=00803 loss=0.0000 R=0.600 adv=0.000 unique=1 p_hat=1.0000
step=00804 loss=0.0000 R=0.600 adv=0.000 unique=1 p_hat=1.0000
step=00805 loss=0.0000 R=0.600 adv=0.000 unique=1 p_hat=1.0000
step=00806 loss=0.0000 R=0.600 adv=0.000 unique=1 p_hat=1.0000
step=00807 loss=0.0000 R=0.600 adv=0.000 unique=1 p_hat=1.0000
step=00808 loss=0.0000 R=0.600 adv=0.000 unique=1 p_hat=1.0000
step=00809 loss=0.0000 R=0.600 adv=0.000 unique=1 p_hat=1.0000
step=00810 loss=0.0000 R=0.600 adv=0.000 unique=1 p_hat=1.0000
step=00811 loss=0.0000 R=0.600 adv=0.000 unique=1 p_hat=1.0000
step=00812 loss=0.0000 R=0.600 adv=0.000 unique=1 p_hat=1.0000
step=00813 loss=0.0000 R=0.600 adv=0.000 unique=1 p_hat=1.0000
step=00814 loss=0.0000 R=0.600 adv=0.000 unique=1 p_hat=1.0000
step=00815 loss=0.0000 R=0.600 adv=0.000 unique=1 p_hat=1.0000
step=00816 loss=0.0000 R=0.600 adv=0.000 unique=1 p_hat=1.0000
step=00817 loss=0.0000 R=0.600 adv=0.000 unique=1 p_hat=1.0000
step=00818 loss=0.0000 R=0.600 adv=0.000 unique=1 p_hat=1.0000
step=00819 loss=0.0000 R=0.600 adv=0.000 unique=1 p_hat=1.0000
step=00820 loss=0.0000 R=0.600 adv=0.000 unique=1 p_hat=1.0000
step=00821 loss=0.0000 R=0.600 adv=0.000 unique=1 p_hat=1.0000
step=00822 loss=0.0000 R=0.600 adv=0.000 unique=1 p_hat=1.0000
step=00823 loss=0.0000 R=0.600 adv=0.000 unique=1 p_hat=1.0000
step=00824 loss=0.0000 R=0.600 adv=0.000 unique=1 p_hat=1.0000
step=00825 loss=0.0000 R=0.600 adv=0.000 unique=1 p_hat=1.0000
step=00826 loss=0.0000 R=0.600 adv=0.000 unique=1 p_hat=1.0000
step=00827 loss=0.0000 R=0.600 adv=0.000 unique=1 p_hat=1.0000
step=00828 loss=0.0000 R=0.600 adv=0.000 unique=1 p_hat=1.0000
step=00829 loss=0.0000 R=0.600 adv=0.000 unique=1 p_hat=1.0000
step=00830 loss=0.0000 R=0.600 adv=0.000 unique=1 p_hat=1.0000
step=00831 loss=0.0000 R=0.600 adv=0.000 unique=1 p_hat=1.0000
step=00832 loss=0.0000 R=0.600 adv=0.000 unique=1 p_hat=1.0000
step=00833 loss=0.0000 R=0.600 adv=0.000 unique=1 p_hat=1.0000
step=00834 loss=0.0000 R=0.600 adv=0.000 unique=1 p_hat=1.0000
step=00835 loss=0.0000 R=0.600 adv=0.000 unique=1 p_hat=1.0000
step=00836 loss=0.0000 R=0.600 adv=0.000 unique=1 p_hat=1.0000
step=00837 loss=0.0000 R=0.600 adv=0.000 unique=1 p_hat=1.0000
step=00838 loss=0.0000 R=0.600 adv=0.000 unique=1 p_hat=1.0000
step=00839 loss=0.0000 R=0.600 adv=0.000 unique=1 p_hat=1.0000
step=00840 loss=0.0000 R=0.600 adv=0.000 unique=1 p_hat=1.0000
step=00841 loss=0.0000 R=0.600 adv=0.000 unique=1 p_hat=1.0000
step=00842 loss=0.0000 R=0.600 adv=0.000 unique=1 p_hat=1.0000
step=00843 loss=0.0000 R=0.600 adv=0.000 unique=1 p_hat=1.0000
step=00844 loss=0.0000 R=0.600 adv=0.000 unique=1 p_hat=1.0000
step=00845 loss=0.0000 R=0.600 adv=0.000 unique=1 p_hat=1.0000
step=00846 loss=0.0000 R=0.600 adv=0.000 unique=1 p_hat=1.0000
step=00847 loss=0.0000 R=0.600 adv=0.000 unique=1 p_hat=1.0000
step=00848 loss=0.0000 R=0.600 adv=0.000 unique=1 p_hat=1.0000
step=00849 loss=0.0000 R=0.600 adv=0.000 unique=1 p_hat=1.0000
step=00850 loss=0.0000 R=0.600 adv=0.000 unique=1 p_hat=1.0000
step=00851 loss=0.0000 R=0.600 adv=0.000 unique=1 p_hat=1.0000
step=00852 loss=0.0000 R=0.600 adv=0.000 unique=1 p_hat=1.0000
step=00853 loss=0.0000 R=0.600 adv=0.000 unique=1 p_hat=1.0000
step=00854 loss=0.0000 R=0.600 adv=0.000 unique=1 p_hat=1.0000
step=00855 loss=0.0000 R=0.600 adv=0.000 unique=1 p_hat=1.0000
step=00856 loss=0.0000 R=0.600 adv=0.000 unique=1 p_hat=1.0000
step=00857 loss=0.0000 R=0.600 adv=0.000 unique=1 p_hat=1.0000
step=00858 loss=0.0000 R=0.600 adv=0.000 unique=1 p_hat=1.0000
step=00859 loss=0.0000 R=0.600 adv=0.000 unique=1 p_hat=1.0000
step=00860 loss=0.0000 R=0.600 adv=0.000 unique=1 p_hat=1.0000
step=00861 loss=0.0000 R=0.600 adv=0.000 unique=1 p_hat=1.0000
step=00862 loss=0.0000 R=0.600 adv=0.000 unique=1 p_hat=1.0000
step=00863 loss=0.0000 R=0.600 adv=0.000 unique=1 p_hat=1.0000
step=00864 loss=0.0000 R=0.600 adv=0.000 unique=1 p_hat=1.0000
step=00865 loss=0.0000 R=0.600 adv=0.000 unique=1 p_hat=1.0000
step=00866 loss=0.0000 R=0.600 adv=0.000 unique=1 p_hat=1.0000
step=00867 loss=0.0000 R=0.600 adv=0.000 unique=1 p_hat=1.0000
step=00868 loss=0.0000 R=0.600 adv=0.000 unique=1 p_hat=1.0000
step=00869 loss=0.0000 R=0.600 adv=0.000 unique=1 p_hat=1.0000
step=00870 loss=0.0000 R=0.600 adv=0.000 unique=1 p_hat=1.0000
step=00871 loss=0.0000 R=0.600 adv=0.000 unique=1 p_hat=1.0000
step=00872 loss=0.0000 R=0.600 adv=0.000 unique=1 p_hat=1.0000
step=00873 loss=0.0000 R=0.600 adv=0.000 unique=1 p_hat=1.0000
step=00874 loss=0.0000 R=0.600 adv=0.000 unique=1 p_hat=1.0000
step=00875 loss=0.0000 R=0.600 adv=0.000 unique=1 p_hat=1.0000
step=00876 loss=0.0000 R=0.600 adv=0.000 unique=1 p_hat=1.0000
step=00877 loss=0.0000 R=0.600 adv=0.000 unique=1 p_hat=1.0000
step=00878 loss=0.0000 R=0.600 adv=0.000 unique=1 p_hat=1.0000
step=00879 loss=0.0000 R=0.600 adv=0.000 unique=1 p_hat=1.0000
step=00880 loss=0.0000 R=0.600 adv=0.000 unique=1 p_hat=1.0000
step=00881 loss=0.0000 R=0.600 adv=0.000 unique=1 p_hat=1.0000
step=00882 loss=0.0000 R=0.600 adv=0.000 unique=1 p_hat=1.0000
step=00883 loss=0.0000 R=0.600 adv=0.000 unique=1 p_hat=1.0000
step=00884 loss=0.0000 R=0.600 adv=0.000 unique=1 p_hat=1.0000
step=00885 loss=0.0000 R=0.600 adv=0.000 unique=1 p_hat=1.0000
step=00886 loss=0.0000 R=0.600 adv=0.000 unique=1 p_hat=1.0000
step=00887 loss=0.0000 R=0.600 adv=0.000 unique=1 p_hat=1.0000
step=00888 loss=0.0000 R=0.600 adv=0.000 unique=1 p_hat=1.0000
step=00889 loss=0.0000 R=0.600 adv=0.000 unique=1 p_hat=1.0000
step=00890 loss=0.0000 R=0.600 adv=0.000 unique=1 p_hat=1.0000
step=00891 loss=0.0000 R=0.600 adv=0.000 unique=1 p_hat=1.0000
step=00892 loss=0.0000 R=0.600 adv=0.000 unique=1 p_hat=1.0000
step=00893 loss=0.0000 R=0.600 adv=0.000 unique=1 p_hat=1.0000
step=00894 loss=0.0000 R=0.600 adv=0.000 unique=1 p_hat=1.0000
step=00895 loss=0.0000 R=0.600 adv=0.000 unique=1 p_hat=1.0000
step=00896 loss=0.0000 R=0.600 adv=0.000 unique=1 p_hat=1.0000
step=00897 loss=0.0000 R=0.600 adv=0.000 unique=1 p_hat=1.0000
step=00898 loss=0.0000 R=0.600 adv=0.000 unique=1 p_hat=1.0000
step=00899 loss=0.0000 R=0.600 adv=0.000 unique=1 p_hat=1.0000
--- epoch=089 eval L1=2.0000 TV=1.0000 modes=0/4 peak_mass=0.0000
step=00900 loss=0.0000 R=0.600 adv=0.000 unique=1 p_hat=1.0000
step=00901 loss=0.0000 R=0.600 adv=0.000 unique=1 p_hat=1.0000
step=00902 loss=0.0000 R=0.600 adv=0.000 unique=1 p_hat=1.0000
step=00903 loss=0.0000 R=0.600 adv=0.000 unique=1 p_hat=1.0000
step=00904 loss=0.0000 R=0.600 adv=0.000 unique=1 p_hat=1.0000
step=00905 loss=0.0000 R=0.600 adv=0.000 unique=1 p_hat=1.0000
step=00906 loss=0.0000 R=0.600 adv=0.000 unique=1 p_hat=1.0000
step=00907 loss=0.0000 R=0.600 adv=0.000 unique=1 p_hat=1.0000
step=00908 loss=0.0000 R=0.600 adv=0.000 unique=1 p_hat=1.0000
step=00909 loss=0.0000 R=0.600 adv=0.000 unique=1 p_hat=1.0000
step=00910 loss=0.0000 R=0.600 adv=0.000 unique=1 p_hat=1.0000
step=00911 loss=0.0000 R=0.600 adv=0.000 unique=1 p_hat=1.0000
step=00912 loss=0.0000 R=0.600 adv=0.000 unique=1 p_hat=1.0000
step=00913 loss=0.0000 R=0.600 adv=0.000 unique=1 p_hat=1.0000
step=00914 loss=0.0000 R=0.600 adv=0.000 unique=1 p_hat=1.0000
step=00915 loss=0.0000 R=0.600 adv=0.000 unique=1 p_hat=1.0000
step=00916 loss=0.0000 R=0.600 adv=0.000 unique=1 p_hat=1.0000
step=00917 loss=0.0000 R=0.600 adv=0.000 unique=1 p_hat=1.0000
step=00918 loss=0.0000 R=0.600 adv=0.000 unique=1 p_hat=1.0000
step=00919 loss=0.0000 R=0.600 adv=0.000 unique=1 p_hat=1.0000
step=00920 loss=0.0000 R=0.600 adv=0.000 unique=1 p_hat=1.0000
step=00921 loss=0.0000 R=0.600 adv=0.000 unique=1 p_hat=1.0000
step=00922 loss=0.0000 R=0.600 adv=0.000 unique=1 p_hat=1.0000
step=00923 loss=0.0000 R=0.600 adv=0.000 unique=1 p_hat=1.0000
step=00924 loss=0.0000 R=0.600 adv=0.000 unique=1 p_hat=1.0000
step=00925 loss=0.0000 R=0.600 adv=0.000 unique=1 p_hat=1.0000
step=00926 loss=0.0000 R=0.600 adv=0.000 unique=1 p_hat=1.0000
step=00927 loss=0.0000 R=0.600 adv=0.000 unique=1 p_hat=1.0000
step=00928 loss=0.0000 R=0.600 adv=0.000 unique=1 p_hat=1.0000
step=00929 loss=0.0000 R=0.600 adv=0.000 unique=1 p_hat=1.0000
step=00930 loss=0.0000 R=0.600 adv=0.000 unique=1 p_hat=1.0000
step=00931 loss=0.0000 R=0.600 adv=0.000 unique=1 p_hat=1.0000
step=00932 loss=0.0000 R=0.600 adv=0.000 unique=1 p_hat=1.0000
step=00933 loss=0.0000 R=0.600 adv=0.000 unique=1 p_hat=1.0000
step=00934 loss=0.0000 R=0.600 adv=0.000 unique=1 p_hat=1.0000
step=00935 loss=0.0000 R=0.600 adv=0.000 unique=1 p_hat=1.0000
step=00936 loss=0.0000 R=0.600 adv=0.000 unique=1 p_hat=1.0000
step=00937 loss=0.0000 R=0.600 adv=0.000 unique=1 p_hat=1.0000
step=00938 loss=0.0000 R=0.600 adv=0.000 unique=1 p_hat=1.0000
step=00939 loss=0.0000 R=0.600 adv=0.000 unique=1 p_hat=1.0000
step=00940 loss=0.0000 R=0.600 adv=0.000 unique=1 p_hat=1.0000
step=00941 loss=0.0000 R=0.600 adv=0.000 unique=1 p_hat=1.0000
step=00942 loss=0.0000 R=0.600 adv=0.000 unique=1 p_hat=1.0000
step=00943 loss=0.0000 R=0.600 adv=0.000 unique=1 p_hat=1.0000
step=00944 loss=0.0000 R=0.600 adv=0.000 unique=1 p_hat=1.0000
step=00945 loss=0.0000 R=0.600 adv=0.000 unique=1 p_hat=1.0000
step=00946 loss=0.0000 R=0.600 adv=0.000 unique=1 p_hat=1.0000
step=00947 loss=0.0000 R=0.600 adv=0.000 unique=1 p_hat=1.0000
step=00948 loss=0.0000 R=0.600 adv=0.000 unique=1 p_hat=1.0000
step=00949 loss=0.0000 R=0.600 adv=0.000 unique=1 p_hat=1.0000
step=00950 loss=0.0000 R=0.600 adv=0.000 unique=1 p_hat=1.0000
step=00951 loss=0.0000 R=0.600 adv=0.000 unique=1 p_hat=1.0000
step=00952 loss=0.0000 R=0.600 adv=0.000 unique=1 p_hat=1.0000
step=00953 loss=0.0000 R=0.600 adv=0.000 unique=1 p_hat=1.0000
step=00954 loss=0.0000 R=0.600 adv=0.000 unique=1 p_hat=1.0000
step=00955 loss=0.0000 R=0.600 adv=0.000 unique=1 p_hat=1.0000
step=00956 loss=0.0000 R=0.600 adv=0.000 unique=1 p_hat=1.0000
step=00957 loss=0.0000 R=0.600 adv=0.000 unique=1 p_hat=1.0000
step=00958 loss=0.0000 R=0.600 adv=0.000 unique=1 p_hat=1.0000
step=00959 loss=0.0000 R=0.600 adv=0.000 unique=1 p_hat=1.0000
step=00960 loss=0.0000 R=0.600 adv=0.000 unique=1 p_hat=1.0000
step=00961 loss=0.0000 R=0.600 adv=0.000 unique=1 p_hat=1.0000
step=00962 loss=0.0000 R=0.600 adv=0.000 unique=1 p_hat=1.0000
step=00963 loss=0.0000 R=0.600 adv=0.000 unique=1 p_hat=1.0000
step=00964 loss=0.0000 R=0.600 adv=0.000 unique=1 p_hat=1.0000
step=00965 loss=0.0000 R=0.600 adv=0.000 unique=1 p_hat=1.0000
step=00966 loss=0.0000 R=0.600 adv=0.000 unique=1 p_hat=1.0000
step=00967 loss=0.0000 R=0.600 adv=0.000 unique=1 p_hat=1.0000
step=00968 loss=0.0000 R=0.600 adv=0.000 unique=1 p_hat=1.0000
step=00969 loss=0.0000 R=0.600 adv=0.000 unique=1 p_hat=1.0000
step=00970 loss=0.0000 R=0.600 adv=0.000 unique=1 p_hat=1.0000
step=00971 loss=0.0000 R=0.600 adv=0.000 unique=1 p_hat=1.0000
step=00972 loss=0.0000 R=0.600 adv=0.000 unique=1 p_hat=1.0000
step=00973 loss=0.0000 R=0.600 adv=0.000 unique=1 p_hat=1.0000
step=00974 loss=0.0000 R=0.600 adv=0.000 unique=1 p_hat=1.0000
step=00975 loss=0.0000 R=0.600 adv=0.000 unique=1 p_hat=1.0000
step=00976 loss=0.0000 R=0.600 adv=0.000 unique=1 p_hat=1.0000
step=00977 loss=0.0000 R=0.600 adv=0.000 unique=1 p_hat=1.0000
step=00978 loss=0.0000 R=0.600 adv=0.000 unique=1 p_hat=1.0000
step=00979 loss=0.0000 R=0.600 adv=0.000 unique=1 p_hat=1.0000
step=00980 loss=0.0000 R=0.600 adv=0.000 unique=1 p_hat=1.0000
step=00981 loss=0.0000 R=0.600 adv=0.000 unique=1 p_hat=1.0000
step=00982 loss=0.0000 R=0.600 adv=0.000 unique=1 p_hat=1.0000
step=00983 loss=0.0000 R=0.600 adv=0.000 unique=1 p_hat=1.0000
step=00984 loss=0.0000 R=0.600 adv=0.000 unique=1 p_hat=1.0000
step=00985 loss=0.0000 R=0.600 adv=0.000 unique=1 p_hat=1.0000
step=00986 loss=0.0000 R=0.600 adv=0.000 unique=1 p_hat=1.0000
step=00987 loss=0.0000 R=0.600 adv=0.000 unique=1 p_hat=1.0000
step=00988 loss=0.0000 R=0.600 adv=0.000 unique=1 p_hat=1.0000
step=00989 loss=0.0000 R=0.600 adv=0.000 unique=1 p_hat=1.0000
step=00990 loss=0.0000 R=0.600 adv=0.000 unique=1 p_hat=1.0000
step=00991 loss=0.0000 R=0.600 adv=0.000 unique=1 p_hat=1.0000
step=00992 loss=0.0000 R=0.600 adv=0.000 unique=1 p_hat=1.0000
step=00993 loss=0.0000 R=0.600 adv=0.000 unique=1 p_hat=1.0000
step=00994 loss=0.0000 R=0.600 adv=0.000 unique=1 p_hat=1.0000
step=00995 loss=0.0000 R=0.600 adv=0.000 unique=1 p_hat=1.0000
step=00996 loss=0.0000 R=0.600 adv=0.000 unique=1 p_hat=1.0000
step=00997 loss=0.0000 R=0.600 adv=0.000 unique=1 p_hat=1.0000
step=00998 loss=0.0000 R=0.600 adv=0.000 unique=1 p_hat=1.0000
step=00999 loss=0.0000 R=0.600 adv=0.000 unique=1 p_hat=1.0000
--- epoch=099 eval L1=2.0000 TV=1.0000 modes=0/4 peak_mass=0.0000
{
  "run_dir": "/home/armaan/phylogfn/final/runs/hypergrid_4096/count_ips/20260824_182056_hypergrid_4096_count_ips",
  "method": "count_ips"
}
