Traceback (most recent call last):
  File "/usr/lib/python3.10/runpy.py", line 196, in _run_module_as_main
    return _run_code(code, main_globals, None,
  File "/usr/lib/python3.10/runpy.py", line 86, in _run_code
    exec(code, run_globals)
  File "/home/armaan/phylogfn/final/__main__.py", line 85, in <module>
    main()
  File "/home/armaan/phylogfn/final/__main__.py", line 35, in main
    pipeline_main(argv)
  File "/home/armaan/phylogfn/final/pipeline.py", line 306, in main
    manifest = run_pipeline(
  File "/home/armaan/phylogfn/final/pipeline.py", line 97, in run_pipeline
    wandb_logger.init(
  File "/home/armaan/phylogfn/final/logging/wandb_logger.py", line 203, in init
    self._run = wandb.init(**kwargs)
  File "/home/armaan/phylogfn/.venv/lib/python3.10/site-packages/wandb/sdk/wandb_init.py", line 1534, in init
    get_sentry().reraise(e)
  File "/home/armaan/phylogfn/.venv/lib/python3.10/site-packages/wandb/analytics/sentry.py", line 191, in reraise
    raise exc.with_traceback(tb)
  File "/home/armaan/phylogfn/.venv/lib/python3.10/site-packages/wandb/sdk/wandb_init.py", line 1451, in init
    wi.maybe_login(init_settings)
  File "/home/armaan/phylogfn/.venv/lib/python3.10/site-packages/wandb/sdk/wandb_init.py", line 204, in maybe_login
    wandb_login._login(
  File "/home/armaan/phylogfn/.venv/lib/python3.10/site-packages/wandb/sdk/wandb_login.py", line 190, in _login
    auth = _find_or_prompt_for_key(
  File "/home/armaan/phylogfn/.venv/lib/python3.10/site-packages/wandb/sdk/wandb_login.py", line 266, in _find_or_prompt_for_key
    auth = wbauth.authenticate_session(
  File "/home/armaan/phylogfn/.venv/lib/python3.10/site-packages/wandb/sdk/lib/wbauth/authenticate.py", line 120, in authenticate_session
    raise UsageError(
wandb.errors.errors.UsageError: No API key configured. Use `wandb login` to log in.
wandb: WARNING Using a boolean value for 'reinit' is deprecated. Use 'return_previous' or 'finish_previous' instead.
wandb: Tracking run with wandb version 0.28.1
wandb: W&B syncing is set to `offline` in this directory. Run `wandb online` or set WANDB_MODE=online to enable cloud syncing.
wandb: Run data is saved locally in /home/armaan/phylogfn/wandb/offline-run-20260825_150306-5s9v63h9
wandb: View this run in the terminal with `wandb leet`
[final] launching: /home/armaan/phylogfn/.venv/bin/python -u -m grpo_experiments.train --method grpo --run-name grpo_5taxa_noreplay --cfg src/configs/benchmark_dna_cfgs/discrete_branch_lengths/cfg_0.001binsize_50bins_temperature_anneal_0.4.yaml --dataset dataset/benchmark_datasets/DS1_reduced.pickle --output final/runs/5taxa_noreplay/grpo --seed 0 --epochs 10000 --steps-per-epoch 1 --on-policy-batch-size 4096 --replay-batch-size 0 --replay-buffer-size 4096 --checkpoint-every 500 --full-model --outcome-level signature --advantage-reward-mode log_reward --grpo-lr 1e-4 --grpo-entropy-coef 0.0 --grpo-num-iterations 1 --rollout-chunk-size 4096 --print-every 25 --disable-replay
Traceback (most recent call last):
  File "/usr/lib/python3.10/runpy.py", line 196, in _run_module_as_main
    return _run_code(code, main_globals, None,
  File "/usr/lib/python3.10/runpy.py", line 86, in _run_code
    exec(code, run_globals)
  File "/home/armaan/phylogfn/final/__main__.py", line 85, in <module>
    main()
  File "/home/armaan/phylogfn/final/__main__.py", line 35, in main
    pipeline_main(argv)
  File "/home/armaan/phylogfn/final/pipeline.py", line 306, in main
    manifest = run_pipeline(
  File "/home/armaan/phylogfn/final/pipeline.py", line 204, in run_pipeline
    sample_spec = runner.build_sample_command(
  File "/home/armaan/phylogfn/final/methods/grpo.py", line 51, in build_sample_command
    samples = run_dir / f"sampled_full_diagnostics_{num_trees}.npz"
TypeError: unsupported operand type(s) for /: 'SuiteConfig' and 'str'
[1;34mwandb[0m: 
[1;34mwandb[0m: You can sync this run to the cloud by running:
[1;34mwandb[0m: [1mwandb sync /home/armaan/phylogfn/wandb/offline-run-20260825_150306-5s9v63h9[0m
[1;34mwandb[0m: Find logs at: [1;35mwandb/offline-run-20260825_150306-5s9v63h9/logs[0m
